

func Main [in 0 , out 0 , local 2]



  $t2 = 4

  $v0 = $t2
  $t1 = Add( $v0 2)

  $v0 = $t1
  PrintIntS( $v0)


  ret
