
const vmt_BT
  :BT.Start

const vmt_Tree
  :Tree.Init
  :Tree.SetRight
  :Tree.SetLeft
  :Tree.GetRight
  :Tree.GetLeft
  :Tree.GetKey
  :Tree.SetKey
  :Tree.GetHas_Right
  :Tree.GetHas_Left
  :Tree.SetHas_Left
  :Tree.SetHas_Right
  :Tree.Compare
  :Tree.Insert
  :Tree.Delete
  :Tree.Remove
  :Tree.RemoveRight
  :Tree.RemoveLeft
  :Tree.Search
  :Tree.Print
  :Tree.RecPrint


func Main [in 0 , out 3 , local 3]



  $t0 = HeapAllocZ( 4)
  local[0] = $t0

  $v1 = local[0]
  [$v1+0] = :vmt_BT
  $v0 = local[0]
  if $v0 goto :null1

  Error( "null pointer")
null1:

  $v0 = local[0]
  $v0 = [$v0+0]
  local[1] = $v0

  $v0 = local[1]
  $v0 = [$v0+0]
  local[1] = $v0


  $v0 = local[0]
  $a0 = $v0

  $v0 = local[1]
  call $v0


  local[2] = $v0

  $v0 = local[2]
  PrintIntS( $v0)


  ret
func BT.Start [in 3 , out 3 , local 27]


  $t0 = $a0

  $t0 = HeapAllocZ( 28)
  local[11] = $t0

  $v1 = local[11]
  [$v1+0] = :vmt_Tree
  $v0 = local[11]
  local[0] = $v0
  $v0 = local[0]
  if $v0 goto :null2

  Error( "null pointer")
null2:

  $v0 = local[0]
  $v0 = [$v0+0]
  local[10] = $v0

  $v0 = local[10]
  $v0 = [$v0+0]
  local[10] = $v0


  $v0 = local[0]
  $a0 = $v0
  $a1 = 16

  $v0 = local[10]
  call $v0


  $t0 = $v0
  $v0 = local[0]
  if $v0 goto :null3

  Error( "null pointer")
null3:

  $v0 = local[0]
  $v0 = [$v0+0]
  local[5] = $v0

  $v0 = local[5]
  $v0 = [$v0+72]
  local[5] = $v0


  $v0 = local[0]
  $a0 = $v0

  $v0 = local[5]
  call $v0


  $t0 = $v0

  PrintIntS( 100000000)
  $v0 = local[0]
  if $v0 goto :null4

  Error( "null pointer")
null4:

  $v0 = local[0]
  $v0 = [$v0+0]
  local[3] = $v0

  $v0 = local[3]
  $v0 = [$v0+48]
  local[3] = $v0


  $v0 = local[0]
  $a0 = $v0
  $a1 = 8

  $v0 = local[3]
  call $v0


  $t0 = $v0
  $v0 = local[0]
  if $v0 goto :null5

  Error( "null pointer")
null5:

  $v0 = local[0]
  $v0 = [$v0+0]
  local[2] = $v0

  $v0 = local[2]
  $v0 = [$v0+72]
  local[2] = $v0


  $v0 = local[0]
  $a0 = $v0

  $v0 = local[2]
  call $v0


  $t0 = $v0
  $v0 = local[0]
  if $v0 goto :null6

  Error( "null pointer")
null6:

  $v0 = local[0]
  $v0 = [$v0+0]
  local[1] = $v0

  $v0 = local[1]
  $v0 = [$v0+48]
  local[1] = $v0


  $v0 = local[0]
  $a0 = $v0
  $a1 = 24

  $v0 = local[1]
  call $v0


  $t0 = $v0
  $v0 = local[0]
  if $v0 goto :null7

  Error( "null pointer")
null7:

  $v0 = local[0]
  $v0 = [$v0+0]
  local[9] = $v0

  $v0 = local[9]
  $v0 = [$v0+48]
  local[9] = $v0


  $v0 = local[0]
  $a0 = $v0
  $a1 = 4

  $v0 = local[9]
  call $v0


  $t0 = $v0
  $v0 = local[0]
  if $v0 goto :null8

  Error( "null pointer")
null8:

  $v0 = local[0]
  $v0 = [$v0+0]
  local[8] = $v0

  $v0 = local[8]
  $v0 = [$v0+48]
  local[8] = $v0


  $v0 = local[0]
  $a0 = $v0
  $a1 = 12

  $v0 = local[8]
  call $v0


  $t0 = $v0
  $v0 = local[0]
  if $v0 goto :null9

  Error( "null pointer")
null9:

  $v0 = local[0]
  $v0 = [$v0+0]
  local[7] = $v0

  $v0 = local[7]
  $v0 = [$v0+48]
  local[7] = $v0


  $v0 = local[0]
  $a0 = $v0
  $a1 = 20

  $v0 = local[7]
  call $v0


  $t0 = $v0
  $v0 = local[0]
  if $v0 goto :null10

  Error( "null pointer")
null10:

  $v0 = local[0]
  $v0 = [$v0+0]
  local[6] = $v0

  $v0 = local[6]
  $v0 = [$v0+48]
  local[6] = $v0


  $v0 = local[0]
  $a0 = $v0
  $a1 = 28

  $v0 = local[6]
  call $v0


  $t0 = $v0
  $v0 = local[0]
  if $v0 goto :null11

  Error( "null pointer")
null11:

  $v0 = local[0]
  $v0 = [$v0+0]
  local[16] = $v0

  $v0 = local[16]
  $v0 = [$v0+48]
  local[16] = $v0


  $v0 = local[0]
  $a0 = $v0
  $a1 = 14

  $v0 = local[16]
  call $v0


  $t0 = $v0
  $v0 = local[0]
  if $v0 goto :null12

  Error( "null pointer")
null12:

  $v0 = local[0]
  $v0 = [$v0+0]
  local[17] = $v0

  $v0 = local[17]
  $v0 = [$v0+72]
  local[17] = $v0


  $v0 = local[0]
  $a0 = $v0

  $v0 = local[17]
  call $v0


  $t0 = $v0
  $v0 = local[0]
  if $v0 goto :null13

  Error( "null pointer")
null13:

  $v0 = local[0]
  $v0 = [$v0+0]
  local[18] = $v0

  $v0 = local[18]
  $v0 = [$v0+68]
  local[18] = $v0


  $v0 = local[0]
  $a0 = $v0
  $a1 = 24

  $v0 = local[18]
  call $v0


  local[25] = $v0

  $v0 = local[25]
  PrintIntS( $v0)
  $v0 = local[0]
  if $v0 goto :null14

  Error( "null pointer")
null14:

  $v0 = local[0]
  $v0 = [$v0+0]
  local[19] = $v0

  $v0 = local[19]
  $v0 = [$v0+68]
  local[19] = $v0


  $v0 = local[0]
  $a0 = $v0
  $a1 = 12

  $v0 = local[19]
  call $v0


  local[26] = $v0

  $v0 = local[26]
  PrintIntS( $v0)
  $v0 = local[0]
  if $v0 goto :null15

  Error( "null pointer")
null15:

  $v0 = local[0]
  $v0 = [$v0+0]
  local[20] = $v0

  $v0 = local[20]
  $v0 = [$v0+68]
  local[20] = $v0


  $v0 = local[0]
  $a0 = $v0
  $a1 = 16

  $v0 = local[20]
  call $v0


  local[22] = $v0

  $v0 = local[22]
  PrintIntS( $v0)
  $v0 = local[0]
  if $v0 goto :null16

  Error( "null pointer")
null16:

  $v0 = local[0]
  $v0 = [$v0+0]
  local[4] = $v0

  $v0 = local[4]
  $v0 = [$v0+68]
  local[4] = $v0


  $v0 = local[0]
  $a0 = $v0
  $a1 = 50

  $v0 = local[4]
  call $v0


  local[21] = $v0

  $v0 = local[21]
  PrintIntS( $v0)
  $v0 = local[0]
  if $v0 goto :null17

  Error( "null pointer")
null17:

  $v0 = local[0]
  $v0 = [$v0+0]
  local[14] = $v0

  $v0 = local[14]
  $v0 = [$v0+68]
  local[14] = $v0


  $v0 = local[0]
  $a0 = $v0
  $a1 = 12

  $v0 = local[14]
  call $v0


  local[23] = $v0

  $v0 = local[23]
  PrintIntS( $v0)
  $v0 = local[0]
  if $v0 goto :null18

  Error( "null pointer")
null18:

  $v0 = local[0]
  $v0 = [$v0+0]
  local[12] = $v0

  $v0 = local[12]
  $v0 = [$v0+52]
  local[12] = $v0


  $v0 = local[0]
  $a0 = $v0
  $a1 = 12

  $v0 = local[12]
  call $v0


  $t0 = $v0
  $v0 = local[0]
  if $v0 goto :null19

  Error( "null pointer")
null19:

  $v0 = local[0]
  $v0 = [$v0+0]
  local[13] = $v0

  $v0 = local[13]
  $v0 = [$v0+72]
  local[13] = $v0


  $v0 = local[0]
  $a0 = $v0

  $v0 = local[13]
  call $v0


  $t0 = $v0
  $v0 = local[0]
  if $v0 goto :null20

  Error( "null pointer")
null20:

  $v0 = local[0]
  $v0 = [$v0+0]
  local[15] = $v0

  $v0 = local[15]
  $v0 = [$v0+68]
  local[15] = $v0


  $v0 = local[0]
  $a0 = $v0
  $a1 = 12

  $v0 = local[15]
  call $v0


  local[24] = $v0

  $v0 = local[24]
  PrintIntS( $v0)
  $v0 = 0

  ret
func Tree.Init [in 3 , out 3 , local 2]


  local[0] = $a0
  local[1] = $a1
  $v0 = local[1]
  $v1 = local[0]
  [$v1+12] = $v0

  $v1 = local[0]
  [$v1+16] = 0

  $v1 = local[0]
  [$v1+20] = 0
  $v0 = 1

  ret
func Tree.SetRight [in 3 , out 3 , local 2]


  local[1] = $a0
  local[0] = $a1
  $v0 = local[0]
  $v1 = local[1]
  [$v1+8] = $v0
  $v0 = 1

  ret
func Tree.SetLeft [in 3 , out 3 , local 2]


  local[1] = $a0
  local[0] = $a1
  $v0 = local[0]
  $v1 = local[1]
  [$v1+4] = $v0
  $v0 = 1

  ret
func Tree.GetRight [in 3 , out 3 , local 2]


  local[0] = $a0

  $v0 = local[0]
  $v0 = [$v0+8]
  local[1] = $v0
  $v0 = local[1]

  ret
func Tree.GetLeft [in 3 , out 3 , local 2]


  local[0] = $a0

  $v0 = local[0]
  $v0 = [$v0+4]
  local[1] = $v0
  $v0 = local[1]

  ret
func Tree.GetKey [in 3 , out 3 , local 2]


  local[0] = $a0

  $v0 = local[0]
  $v0 = [$v0+12]
  local[1] = $v0
  $v0 = local[1]

  ret
func Tree.SetKey [in 3 , out 3 , local 2]


  local[1] = $a0
  local[0] = $a1
  $v0 = local[0]
  $v1 = local[1]
  [$v1+12] = $v0
  $v0 = 1

  ret
func Tree.GetHas_Right [in 3 , out 3 , local 2]


  local[0] = $a0

  $v0 = local[0]
  $v0 = [$v0+20]
  local[1] = $v0
  $v0 = local[1]

  ret
func Tree.GetHas_Left [in 3 , out 3 , local 2]


  local[0] = $a0

  $v0 = local[0]
  $v0 = [$v0+16]
  local[1] = $v0
  $v0 = local[1]

  ret
func Tree.SetHas_Left [in 3 , out 3 , local 2]


  local[1] = $a0
  local[0] = $a1
  $v0 = local[0]
  $v1 = local[1]
  [$v1+16] = $v0
  $v0 = 1

  ret
func Tree.SetHas_Right [in 3 , out 3 , local 2]


  local[1] = $a0
  local[0] = $a1
  $v0 = local[0]
  $v1 = local[1]
  [$v1+20] = $v0
  $v0 = 1

  ret
func Tree.Compare [in 3 , out 3 , local 7]


  $t0 = $a0
  local[0] = $a1
  local[3] = $a2

  local[2] = 0

  $v0 = local[3]
  $t0 = Add( $v0 1)
  local[1] = $t0

  $v0 = local[0]
  $v1 = local[3]
  $t0 = LtS( $v0 $v1)
  local[6] = $t0
  $v0 = local[6]
  if0 $v0 goto :if1_else

  local[2] = 0
goto :if1_end
if1_else:

  $v0 = local[0]
  $v1 = local[1]
  $t0 = LtS( $v0 $v1)
  local[5] = $t0

  $v1 = local[5]
  $t0 = Sub( 1 $v1)
  local[4] = $t0
  $v0 = local[4]
  if0 $v0 goto :if2_else

  local[2] = 0
goto :if2_end
if2_else:

  local[2] = 1
if2_end:
if1_end:
  $v0 = local[2]

  ret
func Tree.Insert [in 3 , out 3 , local 20]


  local[4] = $a0
  local[0] = $a1

  $t0 = HeapAllocZ( 28)
  local[12] = $t0

  $v1 = local[12]
  [$v1+0] = :vmt_Tree
  $v0 = local[12]
  local[1] = $v0
  $v0 = local[1]
  if $v0 goto :null21

  Error( "null pointer")
null21:

  $v0 = local[1]
  $v0 = [$v0+0]
  local[11] = $v0

  $v0 = local[11]
  $v0 = [$v0+0]
  local[11] = $v0


  $v0 = local[1]
  $a0 = $v0
  $v0 = local[0]
  $a1 = $v0

  $v0 = local[11]
  call $v0


  $t0 = $v0
  $v0 = local[4]
  local[2] = $v0

  local[3] = 1
while1_top:
  $v0 = local[3]
  if0 $v0 goto :while1_end
  $v0 = local[2]
  if $v0 goto :null22

  Error( "null pointer")
null22:

  $v0 = local[2]
  $v0 = [$v0+0]
  local[6] = $v0

  $v0 = local[6]
  $v0 = [$v0+20]
  local[6] = $v0


  $v0 = local[2]
  $a0 = $v0

  $v0 = local[6]
  call $v0


  local[18] = $v0

  $v0 = local[0]
  $v1 = local[18]
  $t0 = LtS( $v0 $v1)
  local[17] = $t0
  $v0 = local[17]
  if0 $v0 goto :if3_else
  $v0 = local[2]
  if $v0 goto :null23

  Error( "null pointer")
null23:

  $v0 = local[2]
  $v0 = [$v0+0]
  local[5] = $v0

  $v0 = local[5]
  $v0 = [$v0+32]
  local[5] = $v0


  $v0 = local[2]
  $a0 = $v0

  $v0 = local[5]
  call $v0


  local[16] = $v0
  $v0 = local[16]
  if0 $v0 goto :if4_else
  $v0 = local[2]
  if $v0 goto :null24

  Error( "null pointer")
null24:

  $v0 = local[2]
  $v0 = [$v0+0]
  local[10] = $v0

  $v0 = local[10]
  $v0 = [$v0+16]
  local[10] = $v0


  $v0 = local[2]
  $a0 = $v0

  $v0 = local[10]
  call $v0


  local[2] = $v0
goto :if4_end
if4_else:

  local[3] = 0
  $v0 = local[2]
  if $v0 goto :null25

  Error( "null pointer")
null25:

  $v0 = local[2]
  $v0 = [$v0+0]
  local[9] = $v0

  $v0 = local[9]
  $v0 = [$v0+36]
  local[9] = $v0


  $v0 = local[2]
  $a0 = $v0
  $a1 = 1

  $v0 = local[9]
  call $v0


  $t0 = $v0
  $v0 = local[2]
  if $v0 goto :null26

  Error( "null pointer")
null26:

  $v0 = local[2]
  $v0 = [$v0+0]
  local[8] = $v0

  $v0 = local[8]
  $v0 = [$v0+8]
  local[8] = $v0


  $v0 = local[2]
  $a0 = $v0
  $v0 = local[1]
  $a1 = $v0

  $v0 = local[8]
  call $v0


  $t0 = $v0
if4_end:
goto :if3_end
if3_else:
  $v0 = local[2]
  if $v0 goto :null27

  Error( "null pointer")
null27:

  $v0 = local[2]
  $v0 = [$v0+0]
  local[7] = $v0

  $v0 = local[7]
  $v0 = [$v0+28]
  local[7] = $v0


  $v0 = local[2]
  $a0 = $v0

  $v0 = local[7]
  call $v0


  local[19] = $v0
  $v0 = local[19]
  if0 $v0 goto :if5_else
  $v0 = local[2]
  if $v0 goto :null28

  Error( "null pointer")
null28:

  $v0 = local[2]
  $v0 = [$v0+0]
  local[13] = $v0

  $v0 = local[13]
  $v0 = [$v0+12]
  local[13] = $v0


  $v0 = local[2]
  $a0 = $v0

  $v0 = local[13]
  call $v0


  local[2] = $v0
goto :if5_end
if5_else:

  local[3] = 0
  $v0 = local[2]
  if $v0 goto :null29

  Error( "null pointer")
null29:

  $v0 = local[2]
  $v0 = [$v0+0]
  local[14] = $v0

  $v0 = local[14]
  $v0 = [$v0+40]
  local[14] = $v0


  $v0 = local[2]
  $a0 = $v0
  $a1 = 1

  $v0 = local[14]
  call $v0


  $t0 = $v0
  $v0 = local[2]
  if $v0 goto :null30

  Error( "null pointer")
null30:

  $v0 = local[2]
  $v0 = [$v0+0]
  local[15] = $v0

  $v0 = local[15]
  $v0 = [$v0+4]
  local[15] = $v0


  $v0 = local[2]
  $a0 = $v0
  $v0 = local[1]
  $a1 = $v0

  $v0 = local[15]
  call $v0


  $t0 = $v0
if5_end:
if3_end:
goto :while1_top
while1_end:
  $v0 = 1

  ret
func Tree.Delete [in 3 , out 3 , local 25]


  local[1] = $a0
  local[0] = $a1
  $v0 = local[1]
  local[2] = $v0
  $v0 = local[1]
  local[3] = $v0

  local[6] = 1

  local[4] = 0

  local[5] = 1
while2_top:
  $v0 = local[6]
  if0 $v0 goto :while2_end
  $v0 = local[2]
  if $v0 goto :null31

  Error( "null pointer")
null31:

  $v0 = local[2]
  $v0 = [$v0+0]
  local[13] = $v0

  $v0 = local[13]
  $v0 = [$v0+20]
  local[13] = $v0


  $v0 = local[2]
  $a0 = $v0

  $v0 = local[13]
  call $v0


  local[7] = $v0

  $v0 = local[0]
  $v1 = local[7]
  $t0 = LtS( $v0 $v1)
  local[21] = $t0
  $v0 = local[21]
  if0 $v0 goto :if6_else
  $v0 = local[2]
  if $v0 goto :null32

  Error( "null pointer")
null32:

  $v0 = local[2]
  $v0 = [$v0+0]
  local[10] = $v0

  $v0 = local[10]
  $v0 = [$v0+32]
  local[10] = $v0


  $v0 = local[2]
  $a0 = $v0

  $v0 = local[10]
  call $v0


  local[19] = $v0
  $v0 = local[19]
  if0 $v0 goto :if7_else
  $v0 = local[2]
  local[3] = $v0
  $v0 = local[2]
  if $v0 goto :null33

  Error( "null pointer")
null33:

  $v0 = local[2]
  $v0 = [$v0+0]
  local[9] = $v0

  $v0 = local[9]
  $v0 = [$v0+16]
  local[9] = $v0


  $v0 = local[2]
  $a0 = $v0

  $v0 = local[9]
  call $v0


  local[2] = $v0
goto :if7_end
if7_else:

  local[6] = 0
if7_end:
goto :if6_end
if6_else:

  $v0 = local[7]
  $v1 = local[0]
  $t0 = LtS( $v0 $v1)
  local[18] = $t0
  $v0 = local[18]
  if0 $v0 goto :if8_else
  $v0 = local[2]
  if $v0 goto :null34

  Error( "null pointer")
null34:

  $v0 = local[2]
  $v0 = [$v0+0]
  local[12] = $v0

  $v0 = local[12]
  $v0 = [$v0+28]
  local[12] = $v0


  $v0 = local[2]
  $a0 = $v0

  $v0 = local[12]
  call $v0


  local[20] = $v0
  $v0 = local[20]
  if0 $v0 goto :if9_else
  $v0 = local[2]
  local[3] = $v0
  $v0 = local[2]
  if $v0 goto :null35

  Error( "null pointer")
null35:

  $v0 = local[2]
  $v0 = [$v0+0]
  local[11] = $v0

  $v0 = local[11]
  $v0 = [$v0+12]
  local[11] = $v0


  $v0 = local[2]
  $a0 = $v0

  $v0 = local[11]
  call $v0


  local[2] = $v0
goto :if9_end
if9_else:

  local[6] = 0
if9_end:
goto :if8_end
if8_else:
  $v0 = local[5]
  if0 $v0 goto :if10_else
  $v0 = local[2]
  if $v0 goto :null36

  Error( "null pointer")
null36:

  $v0 = local[2]
  $v0 = [$v0+0]
  local[14] = $v0

  $v0 = local[14]
  $v0 = [$v0+28]
  local[14] = $v0


  $v0 = local[2]
  $a0 = $v0

  $v0 = local[14]
  call $v0


  local[22] = $v0

  $v1 = local[22]
  $t0 = Sub( 1 $v1)
  local[23] = $t0
  $v0 = local[23]
  if0 $v0 goto :ss1_else
  $v0 = local[2]
  if $v0 goto :null37

  Error( "null pointer")
null37:

  $v0 = local[2]
  $v0 = [$v0+0]
  local[15] = $v0

  $v0 = local[15]
  $v0 = [$v0+32]
  local[15] = $v0


  $v0 = local[2]
  $a0 = $v0

  $v0 = local[15]
  call $v0


  local[24] = $v0

  $v1 = local[24]
  $t0 = Sub( 1 $v1)
  local[8] = $t0
goto :ss1_end
ss1_else:

  local[8] = 0
ss1_end:
  $v0 = local[8]
  if0 $v0 goto :if11_else

  $t0 = 1
goto :if11_end
if11_else:

  $v0 = local[1]
  $v0 = [$v0+0]
  local[16] = $v0

  $v0 = local[16]
  $v0 = [$v0+56]
  local[16] = $v0


  $v0 = local[1]
  $a0 = $v0
  $v0 = local[3]
  $a1 = $v0
  $v0 = local[2]
  $a2 = $v0

  $v0 = local[16]
  call $v0


  $t0 = $v0
if11_end:
goto :if10_end
if10_else:

  $v0 = local[1]
  $v0 = [$v0+0]
  local[17] = $v0

  $v0 = local[17]
  $v0 = [$v0+56]
  local[17] = $v0


  $v0 = local[1]
  $a0 = $v0
  $v0 = local[3]
  $a1 = $v0
  $v0 = local[2]
  $a2 = $v0

  $v0 = local[17]
  call $v0


  $t0 = $v0
if10_end:

  local[4] = 1

  local[6] = 0
if8_end:
if6_end:

  local[5] = 0
goto :while2_top
while2_end:
  $v0 = local[4]

  ret
func Tree.Remove [in 3 , out 3 , local 23]


  local[1] = $a0
  local[0] = $a1
  local[2] = $a2
  $v0 = local[2]
  if $v0 goto :null38

  Error( "null pointer")
null38:

  $v0 = local[2]
  $v0 = [$v0+0]
  local[15] = $v0

  $v0 = local[15]
  $v0 = [$v0+32]
  local[15] = $v0


  $v0 = local[2]
  $a0 = $v0

  $v0 = local[15]
  call $v0


  local[19] = $v0
  $v0 = local[19]
  if0 $v0 goto :if12_else

  $v0 = local[1]
  $v0 = [$v0+0]
  local[11] = $v0

  $v0 = local[11]
  $v0 = [$v0+64]
  local[11] = $v0


  $v0 = local[1]
  $a0 = $v0
  $v0 = local[0]
  $a1 = $v0
  $v0 = local[2]
  $a2 = $v0

  $v0 = local[11]
  call $v0


  $t0 = $v0
goto :if12_end
if12_else:
  $v0 = local[2]
  if $v0 goto :null39

  Error( "null pointer")
null39:

  $v0 = local[2]
  $v0 = [$v0+0]
  local[9] = $v0

  $v0 = local[9]
  $v0 = [$v0+28]
  local[9] = $v0


  $v0 = local[2]
  $a0 = $v0

  $v0 = local[9]
  call $v0


  local[18] = $v0
  $v0 = local[18]
  if0 $v0 goto :if13_else

  $v0 = local[1]
  $v0 = [$v0+0]
  local[8] = $v0

  $v0 = local[8]
  $v0 = [$v0+60]
  local[8] = $v0


  $v0 = local[1]
  $a0 = $v0
  $v0 = local[0]
  $a1 = $v0
  $v0 = local[2]
  $a2 = $v0

  $v0 = local[8]
  call $v0


  $t0 = $v0
goto :if13_end
if13_else:
  $v0 = local[2]
  if $v0 goto :null40

  Error( "null pointer")
null40:

  $v0 = local[2]
  $v0 = [$v0+0]
  local[14] = $v0

  $v0 = local[14]
  $v0 = [$v0+20]
  local[14] = $v0


  $v0 = local[2]
  $a0 = $v0

  $v0 = local[14]
  call $v0


  local[3] = $v0
  $v0 = local[0]
  if $v0 goto :null41

  Error( "null pointer")
null41:

  $v0 = local[0]
  $v0 = [$v0+0]
  local[13] = $v0

  $v0 = local[13]
  $v0 = [$v0+16]
  local[13] = $v0


  $v0 = local[0]
  $a0 = $v0

  $v0 = local[13]
  call $v0


  local[4] = $v0
  $v0 = local[4]
  if $v0 goto :null42

  Error( "null pointer")
null42:

  $v0 = local[4]
  $v0 = [$v0+0]
  local[12] = $v0

  $v0 = local[12]
  $v0 = [$v0+20]
  local[12] = $v0


  $v0 = local[4]
  $a0 = $v0

  $v0 = local[12]
  call $v0


  local[5] = $v0

  $v0 = local[1]
  $v0 = [$v0+0]
  local[16] = $v0

  $v0 = local[16]
  $v0 = [$v0+44]
  local[16] = $v0


  $v0 = local[1]
  $a0 = $v0
  $v0 = local[3]
  $a1 = $v0
  $v0 = local[5]
  $a2 = $v0

  $v0 = local[16]
  call $v0


  local[20] = $v0
  $v0 = local[20]
  if0 $v0 goto :if14_else
  $v0 = local[0]
  if $v0 goto :null43

  Error( "null pointer")
null43:

  $v0 = local[0]
  $v0 = [$v0+0]
  local[6] = $v0

  $v0 = local[6]
  $v0 = [$v0+8]
  local[6] = $v0

  $v0 = local[1]
  $v0 = [$v0+24]
  local[21] = $v0


  $v0 = local[0]
  $a0 = $v0
  $v0 = local[21]
  $a1 = $v0

  $v0 = local[6]
  call $v0


  $t0 = $v0
  $v0 = local[0]
  if $v0 goto :null44

  Error( "null pointer")
null44:

  $v0 = local[0]
  $v0 = [$v0+0]
  local[17] = $v0

  $v0 = local[17]
  $v0 = [$v0+36]
  local[17] = $v0


  $v0 = local[0]
  $a0 = $v0
  $a1 = 0

  $v0 = local[17]
  call $v0


  $t0 = $v0
goto :if14_end
if14_else:
  $v0 = local[0]
  if $v0 goto :null45

  Error( "null pointer")
null45:

  $v0 = local[0]
  $v0 = [$v0+0]
  local[7] = $v0

  $v0 = local[7]
  $v0 = [$v0+4]
  local[7] = $v0

  $v0 = local[1]
  $v0 = [$v0+24]
  local[22] = $v0


  $v0 = local[0]
  $a0 = $v0
  $v0 = local[22]
  $a1 = $v0

  $v0 = local[7]
  call $v0


  $t0 = $v0
  $v0 = local[0]
  if $v0 goto :null46

  Error( "null pointer")
null46:

  $v0 = local[0]
  $v0 = [$v0+0]
  local[10] = $v0

  $v0 = local[10]
  $v0 = [$v0+40]
  local[10] = $v0


  $v0 = local[0]
  $a0 = $v0
  $a1 = 0

  $v0 = local[10]
  call $v0


  $t0 = $v0
if14_end:
if13_end:
if12_end:
  $v0 = 1

  ret
func Tree.RemoveRight [in 3 , out 3 , local 14]


  local[0] = $a0
  local[2] = $a1
  local[1] = $a2
while3_top:
  $v0 = local[1]
  if $v0 goto :null47

  Error( "null pointer")
null47:

  $v0 = local[1]
  $v0 = [$v0+0]
  local[9] = $v0

  $v0 = local[9]
  $v0 = [$v0+28]
  local[9] = $v0


  $v0 = local[1]
  $a0 = $v0

  $v0 = local[9]
  call $v0


  local[13] = $v0
  $v0 = local[13]
  if0 $v0 goto :while3_end
  $v0 = local[1]
  if $v0 goto :null48

  Error( "null pointer")
null48:

  $v0 = local[1]
  $v0 = [$v0+0]
  local[3] = $v0

  $v0 = local[3]
  $v0 = [$v0+24]
  local[3] = $v0
  $v0 = local[1]
  if $v0 goto :null49

  Error( "null pointer")
null49:

  $v0 = local[1]
  $v0 = [$v0+0]
  local[7] = $v0

  $v0 = local[7]
  $v0 = [$v0+12]
  local[7] = $v0


  $v0 = local[1]
  $a0 = $v0

  $v0 = local[7]
  call $v0


  local[4] = $v0
  $v0 = local[4]
  if $v0 goto :null50

  Error( "null pointer")
null50:

  $v0 = local[4]
  $v0 = [$v0+0]
  local[6] = $v0

  $v0 = local[6]
  $v0 = [$v0+20]
  local[6] = $v0


  $v0 = local[4]
  $a0 = $v0

  $v0 = local[6]
  call $v0


  local[12] = $v0


  $v0 = local[1]
  $a0 = $v0
  $v0 = local[12]
  $a1 = $v0

  $v0 = local[3]
  call $v0


  $t0 = $v0
  $v0 = local[1]
  local[2] = $v0
  $v0 = local[1]
  if $v0 goto :null51

  Error( "null pointer")
null51:

  $v0 = local[1]
  $v0 = [$v0+0]
  local[8] = $v0

  $v0 = local[8]
  $v0 = [$v0+12]
  local[8] = $v0


  $v0 = local[1]
  $a0 = $v0

  $v0 = local[8]
  call $v0


  local[1] = $v0
goto :while3_top
while3_end:
  $v0 = local[2]
  if $v0 goto :null52

  Error( "null pointer")
null52:

  $v0 = local[2]
  $v0 = [$v0+0]
  local[5] = $v0

  $v0 = local[5]
  $v0 = [$v0+4]
  local[5] = $v0

  $v0 = local[0]
  $v0 = [$v0+24]
  local[11] = $v0


  $v0 = local[2]
  $a0 = $v0
  $v0 = local[11]
  $a1 = $v0

  $v0 = local[5]
  call $v0


  $t0 = $v0
  $v0 = local[2]
  if $v0 goto :null53

  Error( "null pointer")
null53:

  $v0 = local[2]
  $v0 = [$v0+0]
  local[10] = $v0

  $v0 = local[10]
  $v0 = [$v0+40]
  local[10] = $v0


  $v0 = local[2]
  $a0 = $v0
  $a1 = 0

  $v0 = local[10]
  call $v0


  $t0 = $v0
  $v0 = 1

  ret
func Tree.RemoveLeft [in 3 , out 3 , local 14]


  local[0] = $a0
  local[2] = $a1
  local[1] = $a2
while4_top:
  $v0 = local[1]
  if $v0 goto :null54

  Error( "null pointer")
null54:

  $v0 = local[1]
  $v0 = [$v0+0]
  local[9] = $v0

  $v0 = local[9]
  $v0 = [$v0+32]
  local[9] = $v0


  $v0 = local[1]
  $a0 = $v0

  $v0 = local[9]
  call $v0


  local[13] = $v0
  $v0 = local[13]
  if0 $v0 goto :while4_end
  $v0 = local[1]
  if $v0 goto :null55

  Error( "null pointer")
null55:

  $v0 = local[1]
  $v0 = [$v0+0]
  local[3] = $v0

  $v0 = local[3]
  $v0 = [$v0+24]
  local[3] = $v0
  $v0 = local[1]
  if $v0 goto :null56

  Error( "null pointer")
null56:

  $v0 = local[1]
  $v0 = [$v0+0]
  local[7] = $v0

  $v0 = local[7]
  $v0 = [$v0+16]
  local[7] = $v0


  $v0 = local[1]
  $a0 = $v0

  $v0 = local[7]
  call $v0


  local[4] = $v0
  $v0 = local[4]
  if $v0 goto :null57

  Error( "null pointer")
null57:

  $v0 = local[4]
  $v0 = [$v0+0]
  local[6] = $v0

  $v0 = local[6]
  $v0 = [$v0+20]
  local[6] = $v0


  $v0 = local[4]
  $a0 = $v0

  $v0 = local[6]
  call $v0


  local[12] = $v0


  $v0 = local[1]
  $a0 = $v0
  $v0 = local[12]
  $a1 = $v0

  $v0 = local[3]
  call $v0


  $t0 = $v0
  $v0 = local[1]
  local[2] = $v0
  $v0 = local[1]
  if $v0 goto :null58

  Error( "null pointer")
null58:

  $v0 = local[1]
  $v0 = [$v0+0]
  local[8] = $v0

  $v0 = local[8]
  $v0 = [$v0+16]
  local[8] = $v0


  $v0 = local[1]
  $a0 = $v0

  $v0 = local[8]
  call $v0


  local[1] = $v0
goto :while4_top
while4_end:
  $v0 = local[2]
  if $v0 goto :null59

  Error( "null pointer")
null59:

  $v0 = local[2]
  $v0 = [$v0+0]
  local[5] = $v0

  $v0 = local[5]
  $v0 = [$v0+8]
  local[5] = $v0

  $v0 = local[0]
  $v0 = [$v0+24]
  local[11] = $v0


  $v0 = local[2]
  $a0 = $v0
  $v0 = local[11]
  $a1 = $v0

  $v0 = local[5]
  call $v0


  $t0 = $v0
  $v0 = local[2]
  if $v0 goto :null60

  Error( "null pointer")
null60:

  $v0 = local[2]
  $v0 = [$v0+0]
  local[10] = $v0

  $v0 = local[10]
  $v0 = [$v0+36]
  local[10] = $v0


  $v0 = local[2]
  $a0 = $v0
  $a1 = 0

  $v0 = local[10]
  call $v0


  $t0 = $v0
  $v0 = 1

  ret
func Tree.Search [in 3 , out 3 , local 15]


  local[14] = $a0
  local[0] = $a1
  $v0 = local[14]
  local[1] = $v0

  local[3] = 1

  local[2] = 0
while5_top:
  $v0 = local[3]
  if0 $v0 goto :while5_end
  $v0 = local[1]
  if $v0 goto :null61

  Error( "null pointer")
null61:

  $v0 = local[1]
  $v0 = [$v0+0]
  local[9] = $v0

  $v0 = local[9]
  $v0 = [$v0+20]
  local[9] = $v0


  $v0 = local[1]
  $a0 = $v0

  $v0 = local[9]
  call $v0


  local[4] = $v0

  $v0 = local[0]
  $v1 = local[4]
  $t0 = LtS( $v0 $v1)
  local[13] = $t0
  $v0 = local[13]
  if0 $v0 goto :if15_else
  $v0 = local[1]
  if $v0 goto :null62

  Error( "null pointer")
null62:

  $v0 = local[1]
  $v0 = [$v0+0]
  local[6] = $v0

  $v0 = local[6]
  $v0 = [$v0+32]
  local[6] = $v0


  $v0 = local[1]
  $a0 = $v0

  $v0 = local[6]
  call $v0


  local[11] = $v0
  $v0 = local[11]
  if0 $v0 goto :if16_else
  $v0 = local[1]
  if $v0 goto :null63

  Error( "null pointer")
null63:

  $v0 = local[1]
  $v0 = [$v0+0]
  local[5] = $v0

  $v0 = local[5]
  $v0 = [$v0+16]
  local[5] = $v0


  $v0 = local[1]
  $a0 = $v0

  $v0 = local[5]
  call $v0


  local[1] = $v0
goto :if16_end
if16_else:

  local[3] = 0
if16_end:
goto :if15_end
if15_else:

  $v0 = local[4]
  $v1 = local[0]
  $t0 = LtS( $v0 $v1)
  local[10] = $t0
  $v0 = local[10]
  if0 $v0 goto :if17_else
  $v0 = local[1]
  if $v0 goto :null64

  Error( "null pointer")
null64:

  $v0 = local[1]
  $v0 = [$v0+0]
  local[8] = $v0

  $v0 = local[8]
  $v0 = [$v0+28]
  local[8] = $v0


  $v0 = local[1]
  $a0 = $v0

  $v0 = local[8]
  call $v0


  local[12] = $v0
  $v0 = local[12]
  if0 $v0 goto :if18_else
  $v0 = local[1]
  if $v0 goto :null65

  Error( "null pointer")
null65:

  $v0 = local[1]
  $v0 = [$v0+0]
  local[7] = $v0

  $v0 = local[7]
  $v0 = [$v0+12]
  local[7] = $v0


  $v0 = local[1]
  $a0 = $v0

  $v0 = local[7]
  call $v0


  local[1] = $v0
goto :if18_end
if18_else:

  local[3] = 0
if18_end:
goto :if17_end
if17_else:

  local[2] = 1

  local[3] = 0
if17_end:
if15_end:
goto :while5_top
while5_end:
  $v0 = local[2]

  ret
func Tree.Print [in 3 , out 3 , local 3]


  local[0] = $a0
  $v0 = local[0]
  local[1] = $v0

  $v0 = local[0]
  $v0 = [$v0+0]
  local[2] = $v0

  $v0 = local[2]
  $v0 = [$v0+76]
  local[2] = $v0


  $v0 = local[0]
  $a0 = $v0
  $v0 = local[1]
  $a1 = $v0

  $v0 = local[2]
  call $v0


  $t0 = $v0
  $v0 = 1

  ret
func Tree.RecPrint [in 3 , out 3 , local 14]


  local[0] = $a0
  local[1] = $a1
  $v0 = local[1]
  if $v0 goto :null66

  Error( "null pointer")
null66:

  $v0 = local[1]
  $v0 = [$v0+0]
  local[8] = $v0

  $v0 = local[8]
  $v0 = [$v0+32]
  local[8] = $v0


  $v0 = local[1]
  $a0 = $v0

  $v0 = local[8]
  call $v0


  local[13] = $v0
  $v0 = local[13]
  if0 $v0 goto :if19_else

  $v0 = local[0]
  $v0 = [$v0+0]
  local[2] = $v0

  $v0 = local[2]
  $v0 = [$v0+76]
  local[2] = $v0
  $v0 = local[1]
  if $v0 goto :null67

  Error( "null pointer")
null67:

  $v0 = local[1]
  $v0 = [$v0+0]
  local[5] = $v0

  $v0 = local[5]
  $v0 = [$v0+16]
  local[5] = $v0


  $v0 = local[1]
  $a0 = $v0

  $v0 = local[5]
  call $v0


  local[9] = $v0


  $v0 = local[0]
  $a0 = $v0
  $v0 = local[9]
  $a1 = $v0

  $v0 = local[2]
  call $v0


  $t0 = $v0
goto :if19_end
if19_else:

  $t0 = 1
if19_end:
  $v0 = local[1]
  if $v0 goto :null68

  Error( "null pointer")
null68:

  $v0 = local[1]
  $v0 = [$v0+0]
  local[4] = $v0

  $v0 = local[4]
  $v0 = [$v0+20]
  local[4] = $v0


  $v0 = local[1]
  $a0 = $v0

  $v0 = local[4]
  call $v0


  local[11] = $v0

  $v0 = local[11]
  PrintIntS( $v0)
  $v0 = local[1]
  if $v0 goto :null69

  Error( "null pointer")
null69:

  $v0 = local[1]
  $v0 = [$v0+0]
  local[6] = $v0

  $v0 = local[6]
  $v0 = [$v0+28]
  local[6] = $v0


  $v0 = local[1]
  $a0 = $v0

  $v0 = local[6]
  call $v0


  local[10] = $v0
  $v0 = local[10]
  if0 $v0 goto :if20_else

  $v0 = local[0]
  $v0 = [$v0+0]
  local[3] = $v0

  $v0 = local[3]
  $v0 = [$v0+76]
  local[3] = $v0
  $v0 = local[1]
  if $v0 goto :null70

  Error( "null pointer")
null70:

  $v0 = local[1]
  $v0 = [$v0+0]
  local[7] = $v0

  $v0 = local[7]
  $v0 = [$v0+12]
  local[7] = $v0


  $v0 = local[1]
  $a0 = $v0

  $v0 = local[7]
  call $v0


  local[12] = $v0


  $v0 = local[0]
  $a0 = $v0
  $v0 = local[12]
  $a1 = $v0

  $v0 = local[3]
  call $v0


  $t0 = $v0
goto :if20_end
if20_else:

  $t0 = 1
if20_end:
  $v0 = 1

  ret
