
const empty_BT

const empty_Tree


func Main [in 0 , out 3 , local 1]



  local[0] = $t1

  $a0 = :empty_BT

  call :BT.Start

  $t1 = local[0]

  $t1 = $v0

  $v0 = $t1
  PrintIntS( $v0)


  ret
func BT.Start [in 3 , out 3 , local 7]


  $t0 = $a0

  $t5 = HeapAllocZ( 24)
  $v0 = $t5
  if $v0 goto :null1

  Error( "null pointer")
null1:

  local[0] = $t5
  local[1] = $t4
  local[2] = $t7
  local[3] = $t6
  local[4] = $t1
  local[5] = $t3
  local[6] = $t2

  $v0 = $t5
  $a0 = $v0
  $a1 = 16

  call :Tree.Init

  $t5 = local[0]
  $t4 = local[1]
  $t7 = local[2]
  $t6 = local[3]
  $t1 = local[4]
  $t3 = local[5]
  $t2 = local[6]

  $t0 = $v0
  $v0 = $t5
  if $v0 goto :null2

  Error( "null pointer")
null2:

  local[0] = $t5
  local[1] = $t4
  local[2] = $t7
  local[3] = $t6
  local[4] = $t1
  local[5] = $t3
  local[6] = $t2

  $v0 = $t5
  $a0 = $v0

  call :Tree.Print

  $t5 = local[0]
  $t4 = local[1]
  $t7 = local[2]
  $t6 = local[3]
  $t1 = local[4]
  $t3 = local[5]
  $t2 = local[6]

  $t0 = $v0

  PrintIntS( 100000000)
  $v0 = $t5
  if $v0 goto :null3

  Error( "null pointer")
null3:

  local[0] = $t5
  local[1] = $t4
  local[2] = $t7
  local[3] = $t6
  local[4] = $t1
  local[5] = $t3
  local[6] = $t2

  $v0 = $t5
  $a0 = $v0
  $a1 = 8

  call :Tree.Insert

  $t5 = local[0]
  $t4 = local[1]
  $t7 = local[2]
  $t6 = local[3]
  $t1 = local[4]
  $t3 = local[5]
  $t2 = local[6]

  $t0 = $v0
  $v0 = $t5
  if $v0 goto :null4

  Error( "null pointer")
null4:

  local[0] = $t5
  local[1] = $t4
  local[2] = $t7
  local[3] = $t6
  local[4] = $t1
  local[5] = $t3
  local[6] = $t2

  $v0 = $t5
  $a0 = $v0

  call :Tree.Print

  $t5 = local[0]
  $t4 = local[1]
  $t7 = local[2]
  $t6 = local[3]
  $t1 = local[4]
  $t3 = local[5]
  $t2 = local[6]

  $t0 = $v0
  $v0 = $t5
  if $v0 goto :null5

  Error( "null pointer")
null5:

  local[0] = $t5
  local[1] = $t4
  local[2] = $t7
  local[3] = $t6
  local[4] = $t1
  local[5] = $t3
  local[6] = $t2

  $v0 = $t5
  $a0 = $v0
  $a1 = 24

  call :Tree.Insert

  $t5 = local[0]
  $t4 = local[1]
  $t7 = local[2]
  $t6 = local[3]
  $t1 = local[4]
  $t3 = local[5]
  $t2 = local[6]

  $t0 = $v0
  $v0 = $t5
  if $v0 goto :null6

  Error( "null pointer")
null6:

  local[0] = $t5
  local[1] = $t4
  local[2] = $t7
  local[3] = $t6
  local[4] = $t1
  local[5] = $t3
  local[6] = $t2

  $v0 = $t5
  $a0 = $v0
  $a1 = 4

  call :Tree.Insert

  $t5 = local[0]
  $t4 = local[1]
  $t7 = local[2]
  $t6 = local[3]
  $t1 = local[4]
  $t3 = local[5]
  $t2 = local[6]

  $t0 = $v0
  $v0 = $t5
  if $v0 goto :null7

  Error( "null pointer")
null7:

  local[0] = $t5
  local[1] = $t4
  local[2] = $t7
  local[3] = $t6
  local[4] = $t1
  local[5] = $t3
  local[6] = $t2

  $v0 = $t5
  $a0 = $v0
  $a1 = 12

  call :Tree.Insert

  $t5 = local[0]
  $t4 = local[1]
  $t7 = local[2]
  $t6 = local[3]
  $t1 = local[4]
  $t3 = local[5]
  $t2 = local[6]

  $t0 = $v0
  $v0 = $t5
  if $v0 goto :null8

  Error( "null pointer")
null8:

  local[0] = $t5
  local[1] = $t4
  local[2] = $t7
  local[3] = $t6
  local[4] = $t1
  local[5] = $t3
  local[6] = $t2

  $v0 = $t5
  $a0 = $v0
  $a1 = 20

  call :Tree.Insert

  $t5 = local[0]
  $t4 = local[1]
  $t7 = local[2]
  $t6 = local[3]
  $t1 = local[4]
  $t3 = local[5]
  $t2 = local[6]

  $t0 = $v0
  $v0 = $t5
  if $v0 goto :null9

  Error( "null pointer")
null9:

  local[0] = $t5
  local[1] = $t4
  local[2] = $t7
  local[3] = $t6
  local[4] = $t1
  local[5] = $t3
  local[6] = $t2

  $v0 = $t5
  $a0 = $v0
  $a1 = 28

  call :Tree.Insert

  $t5 = local[0]
  $t4 = local[1]
  $t7 = local[2]
  $t6 = local[3]
  $t1 = local[4]
  $t3 = local[5]
  $t2 = local[6]

  $t0 = $v0
  $v0 = $t5
  if $v0 goto :null10

  Error( "null pointer")
null10:

  local[0] = $t5
  local[1] = $t4
  local[2] = $t7
  local[3] = $t6
  local[4] = $t1
  local[5] = $t3
  local[6] = $t2

  $v0 = $t5
  $a0 = $v0
  $a1 = 14

  call :Tree.Insert

  $t5 = local[0]
  $t4 = local[1]
  $t7 = local[2]
  $t6 = local[3]
  $t1 = local[4]
  $t3 = local[5]
  $t2 = local[6]

  $t0 = $v0
  $v0 = $t5
  if $v0 goto :null11

  Error( "null pointer")
null11:

  local[0] = $t5
  local[1] = $t4
  local[2] = $t7
  local[3] = $t6
  local[4] = $t1
  local[5] = $t3
  local[6] = $t2

  $v0 = $t5
  $a0 = $v0

  call :Tree.Print

  $t5 = local[0]
  $t4 = local[1]
  $t7 = local[2]
  $t6 = local[3]
  $t1 = local[4]
  $t3 = local[5]
  $t2 = local[6]

  $t0 = $v0
  $v0 = $t5
  if $v0 goto :null12

  Error( "null pointer")
null12:

  local[0] = $t5
  local[1] = $t4
  local[2] = $t7
  local[3] = $t6
  local[4] = $t1
  local[5] = $t3
  local[6] = $t2

  $v0 = $t5
  $a0 = $v0
  $a1 = 24

  call :Tree.Search

  $t5 = local[0]
  $t4 = local[1]
  $t7 = local[2]
  $t6 = local[3]
  $t1 = local[4]
  $t3 = local[5]
  $t2 = local[6]

  $t7 = $v0

  $v0 = $t7
  PrintIntS( $v0)
  $v0 = $t5
  if $v0 goto :null13

  Error( "null pointer")
null13:

  local[0] = $t5
  local[1] = $t4
  local[2] = $t7
  local[3] = $t6
  local[4] = $t1
  local[5] = $t3
  local[6] = $t2

  $v0 = $t5
  $a0 = $v0
  $a1 = 12

  call :Tree.Search

  $t5 = local[0]
  $t4 = local[1]
  $t7 = local[2]
  $t6 = local[3]
  $t1 = local[4]
  $t3 = local[5]
  $t2 = local[6]

  $t6 = $v0

  $v0 = $t6
  PrintIntS( $v0)
  $v0 = $t5
  if $v0 goto :null14

  Error( "null pointer")
null14:

  local[0] = $t5
  local[1] = $t4
  local[2] = $t7
  local[3] = $t6
  local[4] = $t1
  local[5] = $t3
  local[6] = $t2

  $v0 = $t5
  $a0 = $v0
  $a1 = 16

  call :Tree.Search

  $t5 = local[0]
  $t4 = local[1]
  $t7 = local[2]
  $t6 = local[3]
  $t1 = local[4]
  $t3 = local[5]
  $t2 = local[6]

  $t4 = $v0

  $v0 = $t4
  PrintIntS( $v0)
  $v0 = $t5
  if $v0 goto :null15

  Error( "null pointer")
null15:

  local[0] = $t5
  local[1] = $t4
  local[2] = $t7
  local[3] = $t6
  local[4] = $t1
  local[5] = $t3
  local[6] = $t2

  $v0 = $t5
  $a0 = $v0
  $a1 = 50

  call :Tree.Search

  $t5 = local[0]
  $t4 = local[1]
  $t7 = local[2]
  $t6 = local[3]
  $t1 = local[4]
  $t3 = local[5]
  $t2 = local[6]

  $t3 = $v0

  $v0 = $t3
  PrintIntS( $v0)
  $v0 = $t5
  if $v0 goto :null16

  Error( "null pointer")
null16:

  local[0] = $t5
  local[1] = $t4
  local[2] = $t7
  local[3] = $t6
  local[4] = $t1
  local[5] = $t3
  local[6] = $t2

  $v0 = $t5
  $a0 = $v0
  $a1 = 12

  call :Tree.Search

  $t5 = local[0]
  $t4 = local[1]
  $t7 = local[2]
  $t6 = local[3]
  $t1 = local[4]
  $t3 = local[5]
  $t2 = local[6]

  $t2 = $v0

  $v0 = $t2
  PrintIntS( $v0)
  $v0 = $t5
  if $v0 goto :null17

  Error( "null pointer")
null17:

  local[0] = $t5
  local[1] = $t4
  local[2] = $t7
  local[3] = $t6
  local[4] = $t1
  local[5] = $t3
  local[6] = $t2

  $v0 = $t5
  $a0 = $v0
  $a1 = 12

  call :Tree.Delete

  $t5 = local[0]
  $t4 = local[1]
  $t7 = local[2]
  $t6 = local[3]
  $t1 = local[4]
  $t3 = local[5]
  $t2 = local[6]

  $t0 = $v0
  $v0 = $t5
  if $v0 goto :null18

  Error( "null pointer")
null18:

  local[0] = $t5
  local[1] = $t4
  local[2] = $t7
  local[3] = $t6
  local[4] = $t1
  local[5] = $t3
  local[6] = $t2

  $v0 = $t5
  $a0 = $v0

  call :Tree.Print

  $t5 = local[0]
  $t4 = local[1]
  $t7 = local[2]
  $t6 = local[3]
  $t1 = local[4]
  $t3 = local[5]
  $t2 = local[6]

  $t0 = $v0
  $v0 = $t5
  if $v0 goto :null19

  Error( "null pointer")
null19:

  local[0] = $t5
  local[1] = $t4
  local[2] = $t7
  local[3] = $t6
  local[4] = $t1
  local[5] = $t3
  local[6] = $t2

  $v0 = $t5
  $a0 = $v0
  $a1 = 12

  call :Tree.Search

  $t5 = local[0]
  $t4 = local[1]
  $t7 = local[2]
  $t6 = local[3]
  $t1 = local[4]
  $t3 = local[5]
  $t2 = local[6]

  $t1 = $v0

  $v0 = $t1
  PrintIntS( $v0)
  $v0 = 0

  ret
func Tree.Init [in 3 , out 3 , local 2]


  $t2 = $a0
  $t1 = $a1
  $v0 = $t1
  $v1 = $t2
  [$v1+8] = $v0

  $v1 = $t2
  [$v1+12] = 0

  $v1 = $t2
  [$v1+16] = 0
  $v0 = 1

  ret
func Tree.SetRight [in 3 , out 3 , local 2]


  $t2 = $a0
  $t1 = $a1
  $v0 = $t1
  $v1 = $t2
  [$v1+4] = $v0
  $v0 = 1

  ret
func Tree.SetLeft [in 3 , out 3 , local 2]


  $t2 = $a0
  $t1 = $a1
  $v0 = $t1
  $v1 = $t2
  [$v1+0] = $v0
  $v0 = 1

  ret
func Tree.GetRight [in 3 , out 3 , local 2]


  $t1 = $a0

  $v0 = $t1
  $v0 = [$v0+4]
  $t2 = $v0
  $v0 = $t2

  ret
func Tree.GetLeft [in 3 , out 3 , local 2]


  $t1 = $a0

  $v0 = $t1
  $v0 = [$v0+0]
  $t2 = $v0
  $v0 = $t2

  ret
func Tree.GetKey [in 3 , out 3 , local 2]


  $t1 = $a0

  $v0 = $t1
  $v0 = [$v0+8]
  $t2 = $v0
  $v0 = $t2

  ret
func Tree.SetKey [in 3 , out 3 , local 2]


  $t2 = $a0
  $t1 = $a1
  $v0 = $t1
  $v1 = $t2
  [$v1+8] = $v0
  $v0 = 1

  ret
func Tree.GetHas_Right [in 3 , out 3 , local 2]


  $t1 = $a0

  $v0 = $t1
  $v0 = [$v0+16]
  $t2 = $v0
  $v0 = $t2

  ret
func Tree.GetHas_Left [in 3 , out 3 , local 2]


  $t1 = $a0

  $v0 = $t1
  $v0 = [$v0+12]
  $t2 = $v0
  $v0 = $t2

  ret
func Tree.SetHas_Left [in 3 , out 3 , local 2]


  $t2 = $a0
  $t1 = $a1
  $v0 = $t1
  $v1 = $t2
  [$v1+12] = $v0
  $v0 = 1

  ret
func Tree.SetHas_Right [in 3 , out 3 , local 2]


  $t2 = $a0
  $t1 = $a1
  $v0 = $t1
  $v1 = $t2
  [$v1+16] = $v0
  $v0 = 1

  ret
func Tree.Compare [in 3 , out 3 , local 6]


  $t0 = $a0
  $t6 = $a1
  $t3 = $a2

  $t1 = 0

  $v0 = $t3
  $t2 = Add( $v0 1)

  $v0 = $t6
  $v1 = $t3
  $t5 = LtS( $v0 $v1)
  $v0 = $t5
  if0 $v0 goto :if1_else

  $t1 = 0
goto :if1_end
if1_else:

  $v0 = $t6
  $v1 = $t2
  $t4 = LtS( $v0 $v1)
  $v0 = $t4
  if $v0 goto :if2_else

  $t1 = 0
goto :if2_end
if2_else:

  $t1 = 1
if2_end:
if1_end:
  $v0 = $t1

  ret
func Tree.Insert [in 3 , out 3 , local 9]

  local[0] = $s0

  $t8 = $a0
  $t3 = $a1

  $t2 = HeapAllocZ( 24)
  $v0 = $t2
  if $v0 goto :null20

  Error( "null pointer")
null20:

  local[1] = $t5
  local[2] = $t4
  local[3] = $t7
  local[4] = $t6
  local[5] = $t1
  local[6] = $t3
  local[7] = $t2
  local[8] = $t8

  $v0 = $t2
  $a0 = $v0
  $v0 = $t3
  $a1 = $v0

  call :Tree.Init

  $t5 = local[1]
  $t4 = local[2]
  $t7 = local[3]
  $t6 = local[4]
  $t1 = local[5]
  $t3 = local[6]
  $t2 = local[7]
  $t8 = local[8]

  $t0 = $v0
  $v0 = $t8
  $s0 = $v0

  $t6 = 1
while1_top:
  $v0 = $t6
  if0 $v0 goto :while1_end
  $v0 = $s0
  if $v0 goto :null21

  Error( "null pointer")
null21:

  local[1] = $t5
  local[2] = $t4
  local[3] = $t7
  local[4] = $t6
  local[5] = $t1
  local[6] = $t3
  local[7] = $t2
  local[8] = $t8

  $v0 = $s0
  $a0 = $v0

  call :Tree.GetKey

  $t5 = local[1]
  $t4 = local[2]
  $t7 = local[3]
  $t6 = local[4]
  $t1 = local[5]
  $t3 = local[6]
  $t2 = local[7]
  $t8 = local[8]

  $t5 = $v0

  $v0 = $t3
  $v1 = $t5
  $t7 = LtS( $v0 $v1)
  $v0 = $t7
  if0 $v0 goto :if3_else
  $v0 = $s0
  if $v0 goto :null22

  Error( "null pointer")
null22:

  local[1] = $t5
  local[2] = $t4
  local[3] = $t7
  local[4] = $t6
  local[5] = $t1
  local[6] = $t3
  local[7] = $t2
  local[8] = $t8

  $v0 = $s0
  $a0 = $v0

  call :Tree.GetHas_Left

  $t5 = local[1]
  $t4 = local[2]
  $t7 = local[3]
  $t6 = local[4]
  $t1 = local[5]
  $t3 = local[6]
  $t2 = local[7]
  $t8 = local[8]

  $t4 = $v0
  $v0 = $t4
  if0 $v0 goto :if4_else
  $v0 = $s0
  if $v0 goto :null23

  Error( "null pointer")
null23:

  local[1] = $t5
  local[2] = $t4
  local[3] = $t7
  local[4] = $t6
  local[5] = $t1
  local[6] = $t3
  local[7] = $t2
  local[8] = $t8

  $v0 = $s0
  $a0 = $v0

  call :Tree.GetLeft

  $t5 = local[1]
  $t4 = local[2]
  $t7 = local[3]
  $t6 = local[4]
  $t1 = local[5]
  $t3 = local[6]
  $t2 = local[7]
  $t8 = local[8]

  $s0 = $v0
goto :if4_end
if4_else:

  $t6 = 0
  $v0 = $s0
  if $v0 goto :null24

  Error( "null pointer")
null24:

  local[1] = $t5
  local[2] = $t4
  local[3] = $t7
  local[4] = $t6
  local[5] = $t1
  local[6] = $t3
  local[7] = $t2
  local[8] = $t8

  $v0 = $s0
  $a0 = $v0
  $a1 = 1

  call :Tree.SetHas_Left

  $t5 = local[1]
  $t4 = local[2]
  $t7 = local[3]
  $t6 = local[4]
  $t1 = local[5]
  $t3 = local[6]
  $t2 = local[7]
  $t8 = local[8]

  $t0 = $v0
  $v0 = $s0
  if $v0 goto :null25

  Error( "null pointer")
null25:

  local[1] = $t5
  local[2] = $t4
  local[3] = $t7
  local[4] = $t6
  local[5] = $t1
  local[6] = $t3
  local[7] = $t2
  local[8] = $t8

  $v0 = $s0
  $a0 = $v0
  $v0 = $t2
  $a1 = $v0

  call :Tree.SetLeft

  $t5 = local[1]
  $t4 = local[2]
  $t7 = local[3]
  $t6 = local[4]
  $t1 = local[5]
  $t3 = local[6]
  $t2 = local[7]
  $t8 = local[8]

  $t0 = $v0
if4_end:
goto :if3_end
if3_else:
  $v0 = $s0
  if $v0 goto :null26

  Error( "null pointer")
null26:

  local[1] = $t5
  local[2] = $t4
  local[3] = $t7
  local[4] = $t6
  local[5] = $t1
  local[6] = $t3
  local[7] = $t2
  local[8] = $t8

  $v0 = $s0
  $a0 = $v0

  call :Tree.GetHas_Right

  $t5 = local[1]
  $t4 = local[2]
  $t7 = local[3]
  $t6 = local[4]
  $t1 = local[5]
  $t3 = local[6]
  $t2 = local[7]
  $t8 = local[8]

  $t1 = $v0
  $v0 = $t1
  if0 $v0 goto :if5_else
  $v0 = $s0
  if $v0 goto :null27

  Error( "null pointer")
null27:

  local[1] = $t5
  local[2] = $t4
  local[3] = $t7
  local[4] = $t6
  local[5] = $t1
  local[6] = $t3
  local[7] = $t2
  local[8] = $t8

  $v0 = $s0
  $a0 = $v0

  call :Tree.GetRight

  $t5 = local[1]
  $t4 = local[2]
  $t7 = local[3]
  $t6 = local[4]
  $t1 = local[5]
  $t3 = local[6]
  $t2 = local[7]
  $t8 = local[8]

  $s0 = $v0
goto :if5_end
if5_else:

  $t6 = 0
  $v0 = $s0
  if $v0 goto :null28

  Error( "null pointer")
null28:

  local[1] = $t5
  local[2] = $t4
  local[3] = $t7
  local[4] = $t6
  local[5] = $t1
  local[6] = $t3
  local[7] = $t2
  local[8] = $t8

  $v0 = $s0
  $a0 = $v0
  $a1 = 1

  call :Tree.SetHas_Right

  $t5 = local[1]
  $t4 = local[2]
  $t7 = local[3]
  $t6 = local[4]
  $t1 = local[5]
  $t3 = local[6]
  $t2 = local[7]
  $t8 = local[8]

  $t0 = $v0
  $v0 = $s0
  if $v0 goto :null29

  Error( "null pointer")
null29:

  local[1] = $t5
  local[2] = $t4
  local[3] = $t7
  local[4] = $t6
  local[5] = $t1
  local[6] = $t3
  local[7] = $t2
  local[8] = $t8

  $v0 = $s0
  $a0 = $v0
  $v0 = $t2
  $a1 = $v0

  call :Tree.SetRight

  $t5 = local[1]
  $t4 = local[2]
  $t7 = local[3]
  $t6 = local[4]
  $t1 = local[5]
  $t3 = local[6]
  $t2 = local[7]
  $t8 = local[8]

  $t0 = $v0
if5_end:
if3_end:
goto :while1_top
while1_end:
  $v0 = 1

  $s0 = local[0]
  ret
func Tree.Delete [in 3 , out 3 , local 14]

  local[0] = $s5
  local[1] = $s4
  local[2] = $s3
  local[3] = $s2
  local[4] = $s1
  local[5] = $s0

  $s4 = $a0
  $t7 = $a1
  $v0 = $s4
  $s2 = $v0
  $v0 = $s4
  $t2 = $v0

  $s3 = 1

  $s5 = 0

  $t3 = 1
while2_top:
  $v0 = $s3
  if0 $v0 goto :while2_end
  $v0 = $s2
  if $v0 goto :null30

  Error( "null pointer")
null30:

  local[6] = $t5
  local[7] = $t4
  local[8] = $t7
  local[9] = $t6
  local[10] = $t1
  local[11] = $t3
  local[12] = $t2
  local[13] = $t8

  $v0 = $s2
  $a0 = $v0

  call :Tree.GetKey

  $t5 = local[6]
  $t4 = local[7]
  $t7 = local[8]
  $t6 = local[9]
  $t1 = local[10]
  $t3 = local[11]
  $t2 = local[12]
  $t8 = local[13]

  $t8 = $v0

  $v0 = $t7
  $v1 = $t8
  $s1 = LtS( $v0 $v1)
  $v0 = $s1
  if0 $v0 goto :if6_else
  $v0 = $s2
  if $v0 goto :null31

  Error( "null pointer")
null31:

  local[6] = $t5
  local[7] = $t4
  local[8] = $t7
  local[9] = $t6
  local[10] = $t1
  local[11] = $t3
  local[12] = $t2
  local[13] = $t8

  $v0 = $s2
  $a0 = $v0

  call :Tree.GetHas_Left

  $t5 = local[6]
  $t4 = local[7]
  $t7 = local[8]
  $t6 = local[9]
  $t1 = local[10]
  $t3 = local[11]
  $t2 = local[12]
  $t8 = local[13]

  $s0 = $v0
  $v0 = $s0
  if0 $v0 goto :if7_else
  $v0 = $s2
  $t2 = $v0
  $v0 = $s2
  if $v0 goto :null32

  Error( "null pointer")
null32:

  local[6] = $t5
  local[7] = $t4
  local[8] = $t7
  local[9] = $t6
  local[10] = $t1
  local[11] = $t3
  local[12] = $t2
  local[13] = $t8

  $v0 = $s2
  $a0 = $v0

  call :Tree.GetLeft

  $t5 = local[6]
  $t4 = local[7]
  $t7 = local[8]
  $t6 = local[9]
  $t1 = local[10]
  $t3 = local[11]
  $t2 = local[12]
  $t8 = local[13]

  $s2 = $v0
goto :if7_end
if7_else:

  $s3 = 0
if7_end:
goto :if6_end
if6_else:

  $v0 = $t8
  $v1 = $t7
  $t6 = LtS( $v0 $v1)
  $v0 = $t6
  if0 $v0 goto :if8_else
  $v0 = $s2
  if $v0 goto :null33

  Error( "null pointer")
null33:

  local[6] = $t5
  local[7] = $t4
  local[8] = $t7
  local[9] = $t6
  local[10] = $t1
  local[11] = $t3
  local[12] = $t2
  local[13] = $t8

  $v0 = $s2
  $a0 = $v0

  call :Tree.GetHas_Right

  $t5 = local[6]
  $t4 = local[7]
  $t7 = local[8]
  $t6 = local[9]
  $t1 = local[10]
  $t3 = local[11]
  $t2 = local[12]
  $t8 = local[13]

  $t5 = $v0
  $v0 = $t5
  if0 $v0 goto :if9_else
  $v0 = $s2
  $t2 = $v0
  $v0 = $s2
  if $v0 goto :null34

  Error( "null pointer")
null34:

  local[6] = $t5
  local[7] = $t4
  local[8] = $t7
  local[9] = $t6
  local[10] = $t1
  local[11] = $t3
  local[12] = $t2
  local[13] = $t8

  $v0 = $s2
  $a0 = $v0

  call :Tree.GetRight

  $t5 = local[6]
  $t4 = local[7]
  $t7 = local[8]
  $t6 = local[9]
  $t1 = local[10]
  $t3 = local[11]
  $t2 = local[12]
  $t8 = local[13]

  $s2 = $v0
goto :if9_end
if9_else:

  $s3 = 0
if9_end:
goto :if8_end
if8_else:
  $v0 = $t3
  if0 $v0 goto :if10_else
  $v0 = $s2
  if $v0 goto :null35

  Error( "null pointer")
null35:

  local[6] = $t5
  local[7] = $t4
  local[8] = $t7
  local[9] = $t6
  local[10] = $t1
  local[11] = $t3
  local[12] = $t2
  local[13] = $t8

  $v0 = $s2
  $a0 = $v0

  call :Tree.GetHas_Right

  $t5 = local[6]
  $t4 = local[7]
  $t7 = local[8]
  $t6 = local[9]
  $t1 = local[10]
  $t3 = local[11]
  $t2 = local[12]
  $t8 = local[13]

  $t4 = $v0
  $v0 = $t4
  if $v0 goto :if11_else
  $v0 = $s2
  if $v0 goto :null36

  Error( "null pointer")
null36:

  local[6] = $t5
  local[7] = $t4
  local[8] = $t7
  local[9] = $t6
  local[10] = $t1
  local[11] = $t3
  local[12] = $t2
  local[13] = $t8

  $v0 = $s2
  $a0 = $v0

  call :Tree.GetHas_Left

  $t5 = local[6]
  $t4 = local[7]
  $t7 = local[8]
  $t6 = local[9]
  $t1 = local[10]
  $t3 = local[11]
  $t2 = local[12]
  $t8 = local[13]

  $t1 = $v0
  $v0 = $t1
  if $v0 goto :if11_else

  $t0 = 1
goto :if11_end
if11_else:

  local[6] = $t5
  local[7] = $t4
  local[8] = $t7
  local[9] = $t6
  local[10] = $t1
  local[11] = $t3
  local[12] = $t2
  local[13] = $t8

  $v0 = $s4
  $a0 = $v0
  $v0 = $t2
  $a1 = $v0
  $v0 = $s2
  $a2 = $v0

  call :Tree.Remove

  $t5 = local[6]
  $t4 = local[7]
  $t7 = local[8]
  $t6 = local[9]
  $t1 = local[10]
  $t3 = local[11]
  $t2 = local[12]
  $t8 = local[13]

  $t0 = $v0
if11_end:
goto :if10_end
if10_else:

  local[6] = $t5
  local[7] = $t4
  local[8] = $t7
  local[9] = $t6
  local[10] = $t1
  local[11] = $t3
  local[12] = $t2
  local[13] = $t8

  $v0 = $s4
  $a0 = $v0
  $v0 = $t2
  $a1 = $v0
  $v0 = $s2
  $a2 = $v0

  call :Tree.Remove

  $t5 = local[6]
  $t4 = local[7]
  $t7 = local[8]
  $t6 = local[9]
  $t1 = local[10]
  $t3 = local[11]
  $t2 = local[12]
  $t8 = local[13]

  $t0 = $v0
if10_end:

  $s5 = 1

  $s3 = 0
if8_end:
if6_end:

  $t3 = 0
goto :while2_top
while2_end:
  $v0 = $s5

  $s5 = local[0]
  $s4 = local[1]
  $s3 = local[2]
  $s2 = local[3]
  $s1 = local[4]
  $s0 = local[5]
  ret
func Tree.Remove [in 3 , out 3 , local 11]

  local[0] = $s2
  local[1] = $s1
  local[2] = $s0

  $s2 = $a0
  $t5 = $a1
  $t8 = $a2
  $v0 = $t8
  if $v0 goto :null37

  Error( "null pointer")
null37:

  local[3] = $t5
  local[4] = $t4
  local[5] = $t7
  local[6] = $t6
  local[7] = $t1
  local[8] = $t3
  local[9] = $t2
  local[10] = $t8

  $v0 = $t8
  $a0 = $v0

  call :Tree.GetHas_Left

  $t5 = local[3]
  $t4 = local[4]
  $t7 = local[5]
  $t6 = local[6]
  $t1 = local[7]
  $t3 = local[8]
  $t2 = local[9]
  $t8 = local[10]

  $s1 = $v0
  $v0 = $s1
  if0 $v0 goto :if12_else

  local[3] = $t5
  local[4] = $t4
  local[5] = $t7
  local[6] = $t6
  local[7] = $t1
  local[8] = $t3
  local[9] = $t2
  local[10] = $t8

  $v0 = $s2
  $a0 = $v0
  $v0 = $t5
  $a1 = $v0
  $v0 = $t8
  $a2 = $v0

  call :Tree.RemoveLeft

  $t5 = local[3]
  $t4 = local[4]
  $t7 = local[5]
  $t6 = local[6]
  $t1 = local[7]
  $t3 = local[8]
  $t2 = local[9]
  $t8 = local[10]

  $t0 = $v0
goto :if12_end
if12_else:
  $v0 = $t8
  if $v0 goto :null38

  Error( "null pointer")
null38:

  local[3] = $t5
  local[4] = $t4
  local[5] = $t7
  local[6] = $t6
  local[7] = $t1
  local[8] = $t3
  local[9] = $t2
  local[10] = $t8

  $v0 = $t8
  $a0 = $v0

  call :Tree.GetHas_Right

  $t5 = local[3]
  $t4 = local[4]
  $t7 = local[5]
  $t6 = local[6]
  $t1 = local[7]
  $t3 = local[8]
  $t2 = local[9]
  $t8 = local[10]

  $s0 = $v0
  $v0 = $s0
  if0 $v0 goto :if13_else

  local[3] = $t5
  local[4] = $t4
  local[5] = $t7
  local[6] = $t6
  local[7] = $t1
  local[8] = $t3
  local[9] = $t2
  local[10] = $t8

  $v0 = $s2
  $a0 = $v0
  $v0 = $t5
  $a1 = $v0
  $v0 = $t8
  $a2 = $v0

  call :Tree.RemoveRight

  $t5 = local[3]
  $t4 = local[4]
  $t7 = local[5]
  $t6 = local[6]
  $t1 = local[7]
  $t3 = local[8]
  $t2 = local[9]
  $t8 = local[10]

  $t0 = $v0
goto :if13_end
if13_else:
  $v0 = $t8
  if $v0 goto :null39

  Error( "null pointer")
null39:

  local[3] = $t5
  local[4] = $t4
  local[5] = $t7
  local[6] = $t6
  local[7] = $t1
  local[8] = $t3
  local[9] = $t2
  local[10] = $t8

  $v0 = $t8
  $a0 = $v0

  call :Tree.GetKey

  $t5 = local[3]
  $t4 = local[4]
  $t7 = local[5]
  $t6 = local[6]
  $t1 = local[7]
  $t3 = local[8]
  $t2 = local[9]
  $t8 = local[10]

  $t6 = $v0
  $v0 = $t5
  if $v0 goto :null40

  Error( "null pointer")
null40:

  local[3] = $t5
  local[4] = $t4
  local[5] = $t7
  local[6] = $t6
  local[7] = $t1
  local[8] = $t3
  local[9] = $t2
  local[10] = $t8

  $v0 = $t5
  $a0 = $v0

  call :Tree.GetLeft

  $t5 = local[3]
  $t4 = local[4]
  $t7 = local[5]
  $t6 = local[6]
  $t1 = local[7]
  $t3 = local[8]
  $t2 = local[9]
  $t8 = local[10]

  $t4 = $v0
  $v0 = $t4
  if $v0 goto :null41

  Error( "null pointer")
null41:

  local[3] = $t5
  local[4] = $t4
  local[5] = $t7
  local[6] = $t6
  local[7] = $t1
  local[8] = $t3
  local[9] = $t2
  local[10] = $t8

  $v0 = $t4
  $a0 = $v0

  call :Tree.GetKey

  $t5 = local[3]
  $t4 = local[4]
  $t7 = local[5]
  $t6 = local[6]
  $t1 = local[7]
  $t3 = local[8]
  $t2 = local[9]
  $t8 = local[10]

  $t7 = $v0

  local[3] = $t5
  local[4] = $t4
  local[5] = $t7
  local[6] = $t6
  local[7] = $t1
  local[8] = $t3
  local[9] = $t2
  local[10] = $t8

  $v0 = $s2
  $a0 = $v0
  $v0 = $t6
  $a1 = $v0
  $v0 = $t7
  $a2 = $v0

  call :Tree.Compare

  $t5 = local[3]
  $t4 = local[4]
  $t7 = local[5]
  $t6 = local[6]
  $t1 = local[7]
  $t3 = local[8]
  $t2 = local[9]
  $t8 = local[10]

  $t3 = $v0
  $v0 = $t3
  if0 $v0 goto :if14_else
  $v0 = $t5
  if $v0 goto :null42

  Error( "null pointer")
null42:

  $v0 = $s2
  $v0 = [$v0+20]
  $t2 = $v0

  local[3] = $t5
  local[4] = $t4
  local[5] = $t7
  local[6] = $t6
  local[7] = $t1
  local[8] = $t3
  local[9] = $t2
  local[10] = $t8

  $v0 = $t5
  $a0 = $v0
  $v0 = $t2
  $a1 = $v0

  call :Tree.SetLeft

  $t5 = local[3]
  $t4 = local[4]
  $t7 = local[5]
  $t6 = local[6]
  $t1 = local[7]
  $t3 = local[8]
  $t2 = local[9]
  $t8 = local[10]

  $t0 = $v0
  $v0 = $t5
  if $v0 goto :null43

  Error( "null pointer")
null43:

  local[3] = $t5
  local[4] = $t4
  local[5] = $t7
  local[6] = $t6
  local[7] = $t1
  local[8] = $t3
  local[9] = $t2
  local[10] = $t8

  $v0 = $t5
  $a0 = $v0
  $a1 = 0

  call :Tree.SetHas_Left

  $t5 = local[3]
  $t4 = local[4]
  $t7 = local[5]
  $t6 = local[6]
  $t1 = local[7]
  $t3 = local[8]
  $t2 = local[9]
  $t8 = local[10]

  $t0 = $v0
goto :if14_end
if14_else:
  $v0 = $t5
  if $v0 goto :null44

  Error( "null pointer")
null44:

  $v0 = $s2
  $v0 = [$v0+20]
  $t1 = $v0

  local[3] = $t5
  local[4] = $t4
  local[5] = $t7
  local[6] = $t6
  local[7] = $t1
  local[8] = $t3
  local[9] = $t2
  local[10] = $t8

  $v0 = $t5
  $a0 = $v0
  $v0 = $t1
  $a1 = $v0

  call :Tree.SetRight

  $t5 = local[3]
  $t4 = local[4]
  $t7 = local[5]
  $t6 = local[6]
  $t1 = local[7]
  $t3 = local[8]
  $t2 = local[9]
  $t8 = local[10]

  $t0 = $v0
  $v0 = $t5
  if $v0 goto :null45

  Error( "null pointer")
null45:

  local[3] = $t5
  local[4] = $t4
  local[5] = $t7
  local[6] = $t6
  local[7] = $t1
  local[8] = $t3
  local[9] = $t2
  local[10] = $t8

  $v0 = $t5
  $a0 = $v0
  $a1 = 0

  call :Tree.SetHas_Right

  $t5 = local[3]
  $t4 = local[4]
  $t7 = local[5]
  $t6 = local[6]
  $t1 = local[7]
  $t3 = local[8]
  $t2 = local[9]
  $t8 = local[10]

  $t0 = $v0
if14_end:
if13_end:
if12_end:
  $v0 = 1

  $s2 = local[0]
  $s1 = local[1]
  $s0 = local[2]
  ret
func Tree.RemoveRight [in 3 , out 3 , local 7]


  $t7 = $a0
  $t3 = $a1
  $t4 = $a2
while3_top:
  $v0 = $t4
  if $v0 goto :null46

  Error( "null pointer")
null46:

  local[0] = $t5
  local[1] = $t4
  local[2] = $t7
  local[3] = $t6
  local[4] = $t1
  local[5] = $t3
  local[6] = $t2

  $v0 = $t4
  $a0 = $v0

  call :Tree.GetHas_Right

  $t5 = local[0]
  $t4 = local[1]
  $t7 = local[2]
  $t6 = local[3]
  $t1 = local[4]
  $t3 = local[5]
  $t2 = local[6]

  $t6 = $v0
  $v0 = $t6
  if0 $v0 goto :while3_end
  $v0 = $t4
  if $v0 goto :null47

  Error( "null pointer")
null47:
  $v0 = $t4
  if $v0 goto :null48

  Error( "null pointer")
null48:

  local[0] = $t5
  local[1] = $t4
  local[2] = $t7
  local[3] = $t6
  local[4] = $t1
  local[5] = $t3
  local[6] = $t2

  $v0 = $t4
  $a0 = $v0

  call :Tree.GetRight

  $t5 = local[0]
  $t4 = local[1]
  $t7 = local[2]
  $t6 = local[3]
  $t1 = local[4]
  $t3 = local[5]
  $t2 = local[6]

  $t5 = $v0
  $v0 = $t5
  if $v0 goto :null49

  Error( "null pointer")
null49:

  local[0] = $t5
  local[1] = $t4
  local[2] = $t7
  local[3] = $t6
  local[4] = $t1
  local[5] = $t3
  local[6] = $t2

  $v0 = $t5
  $a0 = $v0

  call :Tree.GetKey

  $t5 = local[0]
  $t4 = local[1]
  $t7 = local[2]
  $t6 = local[3]
  $t1 = local[4]
  $t3 = local[5]
  $t2 = local[6]

  $t2 = $v0

  local[0] = $t5
  local[1] = $t4
  local[2] = $t7
  local[3] = $t6
  local[4] = $t1
  local[5] = $t3
  local[6] = $t2

  $v0 = $t4
  $a0 = $v0
  $v0 = $t2
  $a1 = $v0

  call :Tree.SetKey

  $t5 = local[0]
  $t4 = local[1]
  $t7 = local[2]
  $t6 = local[3]
  $t1 = local[4]
  $t3 = local[5]
  $t2 = local[6]

  $t0 = $v0
  $v0 = $t4
  $t3 = $v0
  $v0 = $t4
  if $v0 goto :null50

  Error( "null pointer")
null50:

  local[0] = $t5
  local[1] = $t4
  local[2] = $t7
  local[3] = $t6
  local[4] = $t1
  local[5] = $t3
  local[6] = $t2

  $v0 = $t4
  $a0 = $v0

  call :Tree.GetRight

  $t5 = local[0]
  $t4 = local[1]
  $t7 = local[2]
  $t6 = local[3]
  $t1 = local[4]
  $t3 = local[5]
  $t2 = local[6]

  $t4 = $v0
goto :while3_top
while3_end:
  $v0 = $t3
  if $v0 goto :null51

  Error( "null pointer")
null51:

  $v0 = $t7
  $v0 = [$v0+20]
  $t1 = $v0

  local[0] = $t5
  local[1] = $t4
  local[2] = $t7
  local[3] = $t6
  local[4] = $t1
  local[5] = $t3
  local[6] = $t2

  $v0 = $t3
  $a0 = $v0
  $v0 = $t1
  $a1 = $v0

  call :Tree.SetRight

  $t5 = local[0]
  $t4 = local[1]
  $t7 = local[2]
  $t6 = local[3]
  $t1 = local[4]
  $t3 = local[5]
  $t2 = local[6]

  $t0 = $v0
  $v0 = $t3
  if $v0 goto :null52

  Error( "null pointer")
null52:

  local[0] = $t5
  local[1] = $t4
  local[2] = $t7
  local[3] = $t6
  local[4] = $t1
  local[5] = $t3
  local[6] = $t2

  $v0 = $t3
  $a0 = $v0
  $a1 = 0

  call :Tree.SetHas_Right

  $t5 = local[0]
  $t4 = local[1]
  $t7 = local[2]
  $t6 = local[3]
  $t1 = local[4]
  $t3 = local[5]
  $t2 = local[6]

  $t0 = $v0
  $v0 = 1

  ret
func Tree.RemoveLeft [in 3 , out 3 , local 7]


  $t7 = $a0
  $t3 = $a1
  $t4 = $a2
while4_top:
  $v0 = $t4
  if $v0 goto :null53

  Error( "null pointer")
null53:

  local[0] = $t5
  local[1] = $t4
  local[2] = $t7
  local[3] = $t6
  local[4] = $t1
  local[5] = $t3
  local[6] = $t2

  $v0 = $t4
  $a0 = $v0

  call :Tree.GetHas_Left

  $t5 = local[0]
  $t4 = local[1]
  $t7 = local[2]
  $t6 = local[3]
  $t1 = local[4]
  $t3 = local[5]
  $t2 = local[6]

  $t6 = $v0
  $v0 = $t6
  if0 $v0 goto :while4_end
  $v0 = $t4
  if $v0 goto :null54

  Error( "null pointer")
null54:
  $v0 = $t4
  if $v0 goto :null55

  Error( "null pointer")
null55:

  local[0] = $t5
  local[1] = $t4
  local[2] = $t7
  local[3] = $t6
  local[4] = $t1
  local[5] = $t3
  local[6] = $t2

  $v0 = $t4
  $a0 = $v0

  call :Tree.GetLeft

  $t5 = local[0]
  $t4 = local[1]
  $t7 = local[2]
  $t6 = local[3]
  $t1 = local[4]
  $t3 = local[5]
  $t2 = local[6]

  $t5 = $v0
  $v0 = $t5
  if $v0 goto :null56

  Error( "null pointer")
null56:

  local[0] = $t5
  local[1] = $t4
  local[2] = $t7
  local[3] = $t6
  local[4] = $t1
  local[5] = $t3
  local[6] = $t2

  $v0 = $t5
  $a0 = $v0

  call :Tree.GetKey

  $t5 = local[0]
  $t4 = local[1]
  $t7 = local[2]
  $t6 = local[3]
  $t1 = local[4]
  $t3 = local[5]
  $t2 = local[6]

  $t2 = $v0

  local[0] = $t5
  local[1] = $t4
  local[2] = $t7
  local[3] = $t6
  local[4] = $t1
  local[5] = $t3
  local[6] = $t2

  $v0 = $t4
  $a0 = $v0
  $v0 = $t2
  $a1 = $v0

  call :Tree.SetKey

  $t5 = local[0]
  $t4 = local[1]
  $t7 = local[2]
  $t6 = local[3]
  $t1 = local[4]
  $t3 = local[5]
  $t2 = local[6]

  $t0 = $v0
  $v0 = $t4
  $t3 = $v0
  $v0 = $t4
  if $v0 goto :null57

  Error( "null pointer")
null57:

  local[0] = $t5
  local[1] = $t4
  local[2] = $t7
  local[3] = $t6
  local[4] = $t1
  local[5] = $t3
  local[6] = $t2

  $v0 = $t4
  $a0 = $v0

  call :Tree.GetLeft

  $t5 = local[0]
  $t4 = local[1]
  $t7 = local[2]
  $t6 = local[3]
  $t1 = local[4]
  $t3 = local[5]
  $t2 = local[6]

  $t4 = $v0
goto :while4_top
while4_end:
  $v0 = $t3
  if $v0 goto :null58

  Error( "null pointer")
null58:

  $v0 = $t7
  $v0 = [$v0+20]
  $t1 = $v0

  local[0] = $t5
  local[1] = $t4
  local[2] = $t7
  local[3] = $t6
  local[4] = $t1
  local[5] = $t3
  local[6] = $t2

  $v0 = $t3
  $a0 = $v0
  $v0 = $t1
  $a1 = $v0

  call :Tree.SetLeft

  $t5 = local[0]
  $t4 = local[1]
  $t7 = local[2]
  $t6 = local[3]
  $t1 = local[4]
  $t3 = local[5]
  $t2 = local[6]

  $t0 = $v0
  $v0 = $t3
  if $v0 goto :null59

  Error( "null pointer")
null59:

  local[0] = $t5
  local[1] = $t4
  local[2] = $t7
  local[3] = $t6
  local[4] = $t1
  local[5] = $t3
  local[6] = $t2

  $v0 = $t3
  $a0 = $v0
  $a1 = 0

  call :Tree.SetHas_Left

  $t5 = local[0]
  $t4 = local[1]
  $t7 = local[2]
  $t6 = local[3]
  $t1 = local[4]
  $t3 = local[5]
  $t2 = local[6]

  $t0 = $v0
  $v0 = 1

  ret
func Tree.Search [in 3 , out 3 , local 10]

  local[0] = $s1
  local[1] = $s0

  $t8 = $a0
  $t4 = $a1
  $v0 = $t8
  $s1 = $v0

  $t7 = 1

  $t3 = 0
while5_top:
  $v0 = $t7
  if0 $v0 goto :while5_end
  $v0 = $s1
  if $v0 goto :null60

  Error( "null pointer")
null60:

  local[2] = $t5
  local[3] = $t4
  local[4] = $t7
  local[5] = $t6
  local[6] = $t1
  local[7] = $t3
  local[8] = $t2
  local[9] = $t8

  $v0 = $s1
  $a0 = $v0

  call :Tree.GetKey

  $t5 = local[2]
  $t4 = local[3]
  $t7 = local[4]
  $t6 = local[5]
  $t1 = local[6]
  $t3 = local[7]
  $t2 = local[8]
  $t8 = local[9]

  $t6 = $v0

  $v0 = $t4
  $v1 = $t6
  $s0 = LtS( $v0 $v1)
  $v0 = $s0
  if0 $v0 goto :if15_else
  $v0 = $s1
  if $v0 goto :null61

  Error( "null pointer")
null61:

  local[2] = $t5
  local[3] = $t4
  local[4] = $t7
  local[5] = $t6
  local[6] = $t1
  local[7] = $t3
  local[8] = $t2
  local[9] = $t8

  $v0 = $s1
  $a0 = $v0

  call :Tree.GetHas_Left

  $t5 = local[2]
  $t4 = local[3]
  $t7 = local[4]
  $t6 = local[5]
  $t1 = local[6]
  $t3 = local[7]
  $t2 = local[8]
  $t8 = local[9]

  $t5 = $v0
  $v0 = $t5
  if0 $v0 goto :if16_else
  $v0 = $s1
  if $v0 goto :null62

  Error( "null pointer")
null62:

  local[2] = $t5
  local[3] = $t4
  local[4] = $t7
  local[5] = $t6
  local[6] = $t1
  local[7] = $t3
  local[8] = $t2
  local[9] = $t8

  $v0 = $s1
  $a0 = $v0

  call :Tree.GetLeft

  $t5 = local[2]
  $t4 = local[3]
  $t7 = local[4]
  $t6 = local[5]
  $t1 = local[6]
  $t3 = local[7]
  $t2 = local[8]
  $t8 = local[9]

  $s1 = $v0
goto :if16_end
if16_else:

  $t7 = 0
if16_end:
goto :if15_end
if15_else:

  $v0 = $t6
  $v1 = $t4
  $t2 = LtS( $v0 $v1)
  $v0 = $t2
  if0 $v0 goto :if17_else
  $v0 = $s1
  if $v0 goto :null63

  Error( "null pointer")
null63:

  local[2] = $t5
  local[3] = $t4
  local[4] = $t7
  local[5] = $t6
  local[6] = $t1
  local[7] = $t3
  local[8] = $t2
  local[9] = $t8

  $v0 = $s1
  $a0 = $v0

  call :Tree.GetHas_Right

  $t5 = local[2]
  $t4 = local[3]
  $t7 = local[4]
  $t6 = local[5]
  $t1 = local[6]
  $t3 = local[7]
  $t2 = local[8]
  $t8 = local[9]

  $t1 = $v0
  $v0 = $t1
  if0 $v0 goto :if18_else
  $v0 = $s1
  if $v0 goto :null64

  Error( "null pointer")
null64:

  local[2] = $t5
  local[3] = $t4
  local[4] = $t7
  local[5] = $t6
  local[6] = $t1
  local[7] = $t3
  local[8] = $t2
  local[9] = $t8

  $v0 = $s1
  $a0 = $v0

  call :Tree.GetRight

  $t5 = local[2]
  $t4 = local[3]
  $t7 = local[4]
  $t6 = local[5]
  $t1 = local[6]
  $t3 = local[7]
  $t2 = local[8]
  $t8 = local[9]

  $s1 = $v0
goto :if18_end
if18_else:

  $t7 = 0
if18_end:
goto :if17_end
if17_else:

  $t3 = 1

  $t7 = 0
if17_end:
if15_end:
goto :while5_top
while5_end:
  $v0 = $t3

  $s1 = local[0]
  $s0 = local[1]
  ret
func Tree.Print [in 3 , out 3 , local 2]


  $t1 = $a0
  $v0 = $t1
  $t2 = $v0

  local[0] = $t1
  local[1] = $t2

  $v0 = $t1
  $a0 = $v0
  $v0 = $t2
  $a1 = $v0

  call :Tree.RecPrint

  $t1 = local[0]
  $t2 = local[1]

  $t0 = $v0
  $v0 = 1

  ret
func Tree.RecPrint [in 3 , out 3 , local 7]


  $t7 = $a0
  $t3 = $a1
  $v0 = $t3
  if $v0 goto :null65

  Error( "null pointer")
null65:

  local[0] = $t5
  local[1] = $t4
  local[2] = $t7
  local[3] = $t6
  local[4] = $t1
  local[5] = $t3
  local[6] = $t2

  $v0 = $t3
  $a0 = $v0

  call :Tree.GetHas_Left

  $t5 = local[0]
  $t4 = local[1]
  $t7 = local[2]
  $t6 = local[3]
  $t1 = local[4]
  $t3 = local[5]
  $t2 = local[6]

  $t6 = $v0
  $v0 = $t6
  if0 $v0 goto :if19_else
  $v0 = $t3
  if $v0 goto :null66

  Error( "null pointer")
null66:

  local[0] = $t5
  local[1] = $t4
  local[2] = $t7
  local[3] = $t6
  local[4] = $t1
  local[5] = $t3
  local[6] = $t2

  $v0 = $t3
  $a0 = $v0

  call :Tree.GetLeft

  $t5 = local[0]
  $t4 = local[1]
  $t7 = local[2]
  $t6 = local[3]
  $t1 = local[4]
  $t3 = local[5]
  $t2 = local[6]

  $t5 = $v0

  local[0] = $t5
  local[1] = $t4
  local[2] = $t7
  local[3] = $t6
  local[4] = $t1
  local[5] = $t3
  local[6] = $t2

  $v0 = $t7
  $a0 = $v0
  $v0 = $t5
  $a1 = $v0

  call :Tree.RecPrint

  $t5 = local[0]
  $t4 = local[1]
  $t7 = local[2]
  $t6 = local[3]
  $t1 = local[4]
  $t3 = local[5]
  $t2 = local[6]

  $t0 = $v0
goto :if19_end
if19_else:

  $t0 = 1
if19_end:
  $v0 = $t3
  if $v0 goto :null67

  Error( "null pointer")
null67:

  local[0] = $t5
  local[1] = $t4
  local[2] = $t7
  local[3] = $t6
  local[4] = $t1
  local[5] = $t3
  local[6] = $t2

  $v0 = $t3
  $a0 = $v0

  call :Tree.GetKey

  $t5 = local[0]
  $t4 = local[1]
  $t7 = local[2]
  $t6 = local[3]
  $t1 = local[4]
  $t3 = local[5]
  $t2 = local[6]

  $t4 = $v0

  $v0 = $t4
  PrintIntS( $v0)
  $v0 = $t3
  if $v0 goto :null68

  Error( "null pointer")
null68:

  local[0] = $t5
  local[1] = $t4
  local[2] = $t7
  local[3] = $t6
  local[4] = $t1
  local[5] = $t3
  local[6] = $t2

  $v0 = $t3
  $a0 = $v0

  call :Tree.GetHas_Right

  $t5 = local[0]
  $t4 = local[1]
  $t7 = local[2]
  $t6 = local[3]
  $t1 = local[4]
  $t3 = local[5]
  $t2 = local[6]

  $t2 = $v0
  $v0 = $t2
  if0 $v0 goto :if20_else
  $v0 = $t3
  if $v0 goto :null69

  Error( "null pointer")
null69:

  local[0] = $t5
  local[1] = $t4
  local[2] = $t7
  local[3] = $t6
  local[4] = $t1
  local[5] = $t3
  local[6] = $t2

  $v0 = $t3
  $a0 = $v0

  call :Tree.GetRight

  $t5 = local[0]
  $t4 = local[1]
  $t7 = local[2]
  $t6 = local[3]
  $t1 = local[4]
  $t3 = local[5]
  $t2 = local[6]

  $t1 = $v0

  local[0] = $t5
  local[1] = $t4
  local[2] = $t7
  local[3] = $t6
  local[4] = $t1
  local[5] = $t3
  local[6] = $t2

  $v0 = $t7
  $a0 = $v0
  $v0 = $t1
  $a1 = $v0

  call :Tree.RecPrint

  $t5 = local[0]
  $t4 = local[1]
  $t7 = local[2]
  $t6 = local[3]
  $t1 = local[4]
  $t3 = local[5]
  $t2 = local[6]

  $t0 = $v0
goto :if20_end
if20_else:

  $t0 = 1
if20_end:
  $v0 = 1

  ret
