
const empty_Fac


func Main [in 0 , out 2 , local 1]



  local[0] = $t1

  $a0 = :empty_Fac
  $a1 = 10

  call :Fac.ComputeFac

  $t1 = local[0]

  $t1 = $v0

  $v0 = $t1
  PrintIntS( $v0)


  ret
func Fac.ComputeFac [in 2 , out 2 , local 6]


  $t5 = $a0
  $t1 = $a1

  $v0 = $t1
  $t6 = LtS( $v0 1)
  $v0 = $t6
  if0 $v0 goto :if1_else

  $t3 = 1
goto :if1_end
if1_else:

  $v0 = $t1
  $t4 = Sub( $v0 1)

  local[0] = $t5
  local[1] = $t4
  local[2] = $t6
  local[3] = $t1
  local[4] = $t3
  local[5] = $t2

  $v0 = $t5
  $a0 = $v0
  $v0 = $t4
  $a1 = $v0

  call :Fac.ComputeFac

  $t5 = local[0]
  $t4 = local[1]
  $t6 = local[2]
  $t1 = local[3]
  $t3 = local[4]
  $t2 = local[5]

  $t2 = $v0

  $v0 = $t1
  $v1 = $t2
  $t3 = MulS( $v0 $v1)
if1_end:
  $v0 = $t3

  ret
