
const vmt_Fac
  :Fac.ComputeFac


func Main [in 0 , out 2 , local 3]



  $t0 = HeapAllocZ( 4)
  local[0] = $t0

  $v1 = local[0]
  [$v1+0] = :vmt_Fac
  $v0 = local[0]
  if $v0 goto :null1

  Error( "null pointer")
null1:

  $v0 = local[0]
  $v0 = [$v0+0]
  local[1] = $v0

  $v0 = local[1]
  $v0 = [$v0+0]
  local[1] = $v0


  $v0 = local[0]
  $a0 = $v0
  $a1 = 10

  $v0 = local[1]
  call $v0


  local[2] = $v0

  $v0 = local[2]
  PrintIntS( $v0)


  ret
func Fac.ComputeFac [in 2 , out 2 , local 7]


  local[1] = $a0
  local[0] = $a1

  $v0 = local[0]
  $t0 = LtS( $v0 1)
  local[6] = $t0
  $v0 = local[6]
  if0 $v0 goto :if1_else

  local[2] = 1
goto :if1_end
if1_else:

  $v0 = local[1]
  $v0 = [$v0+0]
  local[3] = $v0

  $v0 = local[3]
  $v0 = [$v0+0]
  local[3] = $v0

  $v0 = local[0]
  $t0 = Sub( $v0 1)
  local[5] = $t0


  $v0 = local[1]
  $a0 = $v0
  $v0 = local[5]
  $a1 = $v0

  $v0 = local[3]
  call $v0


  local[4] = $v0

  $v0 = local[0]
  $v1 = local[4]
  $t0 = MulS( $v0 $v1)
  local[2] = $t0
if1_end:
  $v0 = local[2]

  ret
