
const empty_Element

const empty_List

const empty_LL


func Main [in 0 , out 4 , local 1]




  $a0 = :empty_LL

  call :LL.Start


  local[0] = $v0

  $v0 = local[0]
  PrintIntS( $v0)


  ret
func Element.Init [in 4 , out 4 , local 4]


  local[0] = $a0
  local[3] = $a1
  local[2] = $a2
  local[1] = $a3
  $v0 = local[3]
  $v1 = local[0]
  [$v1+0] = $v0
  $v0 = local[2]
  $v1 = local[0]
  [$v1+4] = $v0
  $v0 = local[1]
  $v1 = local[0]
  [$v1+8] = $v0
  $v0 = 1

  ret
func Element.GetAge [in 4 , out 4 , local 2]


  local[0] = $a0

  $v0 = local[0]
  $v0 = [$v0+0]
  local[1] = $v0
  $v0 = local[1]

  ret
func Element.GetSalary [in 4 , out 4 , local 2]


  local[0] = $a0

  $v0 = local[0]
  $v0 = [$v0+4]
  local[1] = $v0
  $v0 = local[1]

  ret
func Element.GetMarried [in 4 , out 4 , local 2]


  local[0] = $a0

  $v0 = local[0]
  $v0 = [$v0+8]
  local[1] = $v0
  $v0 = local[1]

  ret
func Element.Equal [in 4 , out 4 , local 12]


  local[2] = $a0
  local[1] = $a1

  local[0] = 1
  $v0 = local[1]
  if $v0 goto :null1

  Error( "null pointer")
null1:


  $v0 = local[1]
  $a0 = $v0

  call :Element.GetAge


  local[4] = $v0

  $v0 = local[2]
  $v0 = [$v0+0]
  local[11] = $v0


  $v0 = local[2]
  $a0 = $v0
  $v0 = local[4]
  $a1 = $v0
  $v0 = local[11]
  $a2 = $v0

  call :Element.Compare


  local[10] = $v0
  $v0 = local[10]
  if $v0 goto :if1_else

  local[0] = 0
goto :if1_end
if1_else:
  $v0 = local[1]
  if $v0 goto :null2

  Error( "null pointer")
null2:


  $v0 = local[1]
  $a0 = $v0

  call :Element.GetSalary


  local[3] = $v0

  $v0 = local[2]
  $v0 = [$v0+4]
  local[8] = $v0


  $v0 = local[2]
  $a0 = $v0
  $v0 = local[3]
  $a1 = $v0
  $v0 = local[8]
  $a2 = $v0

  call :Element.Compare


  local[7] = $v0
  $v0 = local[7]
  if $v0 goto :if2_else

  local[0] = 0
goto :if2_end
if2_else:

  $v0 = local[2]
  $v0 = [$v0+8]
  local[6] = $v0
  $v0 = local[6]
  if0 $v0 goto :if3_else
  $v0 = local[1]
  if $v0 goto :null3

  Error( "null pointer")
null3:


  $v0 = local[1]
  $a0 = $v0

  call :Element.GetMarried


  local[5] = $v0
  $v0 = local[5]
  if $v0 goto :if4_else

  local[0] = 0
goto :if4_end
if4_else:

  $t0 = 0
if4_end:
goto :if3_end
if3_else:
  $v0 = local[1]
  if $v0 goto :null4

  Error( "null pointer")
null4:


  $v0 = local[1]
  $a0 = $v0

  call :Element.GetMarried


  local[9] = $v0
  $v0 = local[9]
  if0 $v0 goto :if5_else

  local[0] = 0
goto :if5_end
if5_else:

  $t0 = 0
if5_end:
if3_end:
if2_end:
if1_end:
  $v0 = local[0]

  ret
func Element.Compare [in 4 , out 4 , local 6]


  $t0 = $a0
  local[0] = $a1
  local[3] = $a2

  local[2] = 0

  $v0 = local[3]
  $t0 = Add( $v0 1)
  local[1] = $t0

  $v0 = local[0]
  $v1 = local[3]
  $t0 = LtS( $v0 $v1)
  local[5] = $t0
  $v0 = local[5]
  if0 $v0 goto :if6_else

  local[2] = 0
goto :if6_end
if6_else:

  $v0 = local[0]
  $v1 = local[1]
  $t0 = LtS( $v0 $v1)
  local[4] = $t0
  $v0 = local[4]
  if $v0 goto :if7_else

  local[2] = 0
goto :if7_end
if7_else:

  local[2] = 1
if7_end:
if6_end:
  $v0 = local[2]

  ret
func List.Init [in 4 , out 4 , local 1]


  local[0] = $a0

  $v1 = local[0]
  [$v1+8] = 1
  $v0 = 1

  ret
func List.InitNew [in 4 , out 4 , local 4]


  local[0] = $a0
  local[2] = $a1
  local[1] = $a2
  local[3] = $a3
  $v0 = local[3]
  $v1 = local[0]
  [$v1+8] = $v0
  $v0 = local[2]
  $v1 = local[0]
  [$v1+0] = $v0
  $v0 = local[1]
  $v1 = local[0]
  [$v1+4] = $v0
  $v0 = 1

  ret
func List.Insert [in 4 , out 4 , local 4]


  local[3] = $a0
  local[0] = $a1
  $v0 = local[3]
  local[1] = $v0

  $t0 = HeapAllocZ( 12)
  local[2] = $t0
  $v0 = local[2]
  if $v0 goto :null5

  Error( "null pointer")
null5:


  $v0 = local[2]
  $a0 = $v0
  $v0 = local[0]
  $a1 = $v0
  $v0 = local[1]
  $a2 = $v0
  $a3 = 0

  call :List.InitNew


  $t0 = $v0
  $v0 = local[2]

  ret
func List.SetNext [in 4 , out 4 , local 2]


  local[0] = $a0
  local[1] = $a1
  $v0 = local[1]
  $v1 = local[0]
  [$v1+4] = $v0
  $v0 = 1

  ret
func List.Delete [in 4 , out 4 , local 15]


  local[8] = $a0
  local[0] = $a1
  $v0 = local[8]
  local[2] = $v0

  local[1] = 0

  $t0 = Sub( 0 1)
  local[6] = $t0
  $v0 = local[8]
  local[3] = $v0
  $v0 = local[8]
  local[4] = $v0

  $v0 = local[8]
  $v0 = [$v0+8]
  local[5] = $v0

  $v0 = local[8]
  $v0 = [$v0+0]
  local[7] = $v0
while1_top:
  $v0 = local[5]
  if $v0 goto :ss1_else

  $v1 = local[1]
  $t0 = Sub( 1 $v1)
  local[9] = $t0
goto :ss1_end
ss1_else:

  local[9] = 0
ss1_end:
  $v0 = local[9]
  if0 $v0 goto :while1_end
  $v0 = local[0]
  if $v0 goto :null6

  Error( "null pointer")
null6:


  $v0 = local[0]
  $a0 = $v0
  $v0 = local[7]
  $a1 = $v0

  call :Element.Equal


  local[14] = $v0
  $v0 = local[14]
  if0 $v0 goto :if8_else

  local[1] = 1

  $v0 = local[6]
  $t0 = LtS( $v0 0)
  local[13] = $t0
  $v0 = local[13]
  if0 $v0 goto :if9_else
  $v0 = local[3]
  if $v0 goto :null7

  Error( "null pointer")
null7:


  $v0 = local[3]
  $a0 = $v0

  call :List.GetNext


  local[2] = $v0
goto :if9_end
if9_else:

  $t0 = Sub( 0 555)
  local[12] = $t0

  $v0 = local[12]
  PrintIntS( $v0)
  $v0 = local[4]
  if $v0 goto :null8

  Error( "null pointer")
null8:
  $v0 = local[3]
  if $v0 goto :null9

  Error( "null pointer")
null9:


  $v0 = local[3]
  $a0 = $v0

  call :List.GetNext


  local[11] = $v0


  $v0 = local[4]
  $a0 = $v0
  $v0 = local[11]
  $a1 = $v0

  call :List.SetNext


  $t0 = $v0

  $t0 = Sub( 0 555)
  local[10] = $t0

  $v0 = local[10]
  PrintIntS( $v0)
if9_end:
goto :if8_end
if8_else:

  $t0 = 0
if8_end:
  $v0 = local[1]
  if $v0 goto :if10_else
  $v0 = local[3]
  local[4] = $v0
  $v0 = local[3]
  if $v0 goto :null10

  Error( "null pointer")
null10:


  $v0 = local[3]
  $a0 = $v0

  call :List.GetNext


  local[3] = $v0
  $v0 = local[3]
  if $v0 goto :null11

  Error( "null pointer")
null11:


  $v0 = local[3]
  $a0 = $v0

  call :List.GetEnd


  local[5] = $v0
  $v0 = local[3]
  if $v0 goto :null12

  Error( "null pointer")
null12:


  $v0 = local[3]
  $a0 = $v0

  call :List.GetElem


  local[7] = $v0

  local[6] = 1
goto :if10_end
if10_else:

  $t0 = 0
if10_end:
goto :while1_top
while1_end:
  $v0 = local[2]

  ret
func List.Search [in 4 , out 4 , local 8]


  local[5] = $a0
  local[0] = $a1

  local[1] = 0
  $v0 = local[5]
  local[2] = $v0

  $v0 = local[5]
  $v0 = [$v0+8]
  local[4] = $v0

  $v0 = local[5]
  $v0 = [$v0+0]
  local[3] = $v0
while2_top:

  $v1 = local[4]
  $t0 = Sub( 1 $v1)
  local[7] = $t0
  $v0 = local[7]
  if0 $v0 goto :while2_end
  $v0 = local[0]
  if $v0 goto :null13

  Error( "null pointer")
null13:


  $v0 = local[0]
  $a0 = $v0
  $v0 = local[3]
  $a1 = $v0

  call :Element.Equal


  local[6] = $v0
  $v0 = local[6]
  if0 $v0 goto :if11_else

  local[1] = 1
goto :if11_end
if11_else:

  $t0 = 0
if11_end:
  $v0 = local[2]
  if $v0 goto :null14

  Error( "null pointer")
null14:


  $v0 = local[2]
  $a0 = $v0

  call :List.GetNext


  local[2] = $v0
  $v0 = local[2]
  if $v0 goto :null15

  Error( "null pointer")
null15:


  $v0 = local[2]
  $a0 = $v0

  call :List.GetEnd


  local[4] = $v0
  $v0 = local[2]
  if $v0 goto :null16

  Error( "null pointer")
null16:


  $v0 = local[2]
  $a0 = $v0

  call :List.GetElem


  local[3] = $v0
goto :while2_top
while2_end:
  $v0 = local[1]

  ret
func List.GetEnd [in 4 , out 4 , local 2]


  local[0] = $a0

  $v0 = local[0]
  $v0 = [$v0+8]
  local[1] = $v0
  $v0 = local[1]

  ret
func List.GetElem [in 4 , out 4 , local 2]


  local[0] = $a0

  $v0 = local[0]
  $v0 = [$v0+0]
  local[1] = $v0
  $v0 = local[1]

  ret
func List.GetNext [in 4 , out 4 , local 2]


  local[0] = $a0

  $v0 = local[0]
  $v0 = [$v0+4]
  local[1] = $v0
  $v0 = local[1]

  ret
func List.Print [in 4 , out 4 , local 6]


  local[3] = $a0
  $v0 = local[3]
  local[0] = $v0

  $v0 = local[3]
  $v0 = [$v0+8]
  local[2] = $v0

  $v0 = local[3]
  $v0 = [$v0+0]
  local[1] = $v0
while3_top:

  $v1 = local[2]
  $t0 = Sub( 1 $v1)
  local[5] = $t0
  $v0 = local[5]
  if0 $v0 goto :while3_end
  $v0 = local[1]
  if $v0 goto :null17

  Error( "null pointer")
null17:


  $v0 = local[1]
  $a0 = $v0

  call :Element.GetAge


  local[4] = $v0

  $v0 = local[4]
  PrintIntS( $v0)
  $v0 = local[0]
  if $v0 goto :null18

  Error( "null pointer")
null18:


  $v0 = local[0]
  $a0 = $v0

  call :List.GetNext


  local[0] = $v0
  $v0 = local[0]
  if $v0 goto :null19

  Error( "null pointer")
null19:


  $v0 = local[0]
  $a0 = $v0

  call :List.GetEnd


  local[2] = $v0
  $v0 = local[0]
  if $v0 goto :null20

  Error( "null pointer")
null20:


  $v0 = local[0]
  $a0 = $v0

  call :List.GetElem


  local[1] = $v0
goto :while3_top
while3_end:
  $v0 = 1

  ret
func LL.Start [in 4 , out 4 , local 7]


  $t0 = $a0

  $t0 = HeapAllocZ( 12)
  local[4] = $t0
  $v0 = local[4]
  if $v0 goto :null21

  Error( "null pointer")
null21:


  $v0 = local[4]
  $a0 = $v0

  call :List.Init


  $t0 = $v0
  $v0 = local[4]
  local[0] = $v0
  $v0 = local[0]
  if $v0 goto :null22

  Error( "null pointer")
null22:


  $v0 = local[0]
  $a0 = $v0

  call :List.Init


  $t0 = $v0
  $v0 = local[0]
  if $v0 goto :null23

  Error( "null pointer")
null23:


  $v0 = local[0]
  $a0 = $v0

  call :List.Print


  $t0 = $v0

  $t0 = HeapAllocZ( 12)
  local[2] = $t0
  $v0 = local[2]
  if $v0 goto :null24

  Error( "null pointer")
null24:


  $v0 = local[2]
  $a0 = $v0
  $a1 = 25
  $a2 = 37000
  $a3 = 0

  call :Element.Init


  $t0 = $v0
  $v0 = local[0]
  if $v0 goto :null25

  Error( "null pointer")
null25:


  $v0 = local[0]
  $a0 = $v0
  $v0 = local[2]
  $a1 = $v0

  call :List.Insert


  local[0] = $v0
  $v0 = local[0]
  if $v0 goto :null26

  Error( "null pointer")
null26:


  $v0 = local[0]
  $a0 = $v0

  call :List.Print


  $t0 = $v0

  PrintIntS( 10000000)

  $t0 = HeapAllocZ( 12)
  local[2] = $t0
  $v0 = local[2]
  if $v0 goto :null27

  Error( "null pointer")
null27:


  $v0 = local[2]
  $a0 = $v0
  $a1 = 39
  $a2 = 42000
  $a3 = 1

  call :Element.Init


  $t0 = $v0
  $v0 = local[2]
  local[1] = $v0
  $v0 = local[0]
  if $v0 goto :null28

  Error( "null pointer")
null28:


  $v0 = local[0]
  $a0 = $v0
  $v0 = local[2]
  $a1 = $v0

  call :List.Insert


  local[0] = $v0
  $v0 = local[0]
  if $v0 goto :null29

  Error( "null pointer")
null29:


  $v0 = local[0]
  $a0 = $v0

  call :List.Print


  $t0 = $v0

  PrintIntS( 10000000)

  $t0 = HeapAllocZ( 12)
  local[2] = $t0
  $v0 = local[2]
  if $v0 goto :null30

  Error( "null pointer")
null30:


  $v0 = local[2]
  $a0 = $v0
  $a1 = 22
  $a2 = 34000
  $a3 = 0

  call :Element.Init


  $t0 = $v0
  $v0 = local[0]
  if $v0 goto :null31

  Error( "null pointer")
null31:


  $v0 = local[0]
  $a0 = $v0
  $v0 = local[2]
  $a1 = $v0

  call :List.Insert


  local[0] = $v0
  $v0 = local[0]
  if $v0 goto :null32

  Error( "null pointer")
null32:


  $v0 = local[0]
  $a0 = $v0

  call :List.Print


  $t0 = $v0

  $t0 = HeapAllocZ( 12)
  local[3] = $t0
  $v0 = local[3]
  if $v0 goto :null33

  Error( "null pointer")
null33:


  $v0 = local[3]
  $a0 = $v0
  $a1 = 27
  $a2 = 34000
  $a3 = 0

  call :Element.Init


  $t0 = $v0
  $v0 = local[0]
  if $v0 goto :null34

  Error( "null pointer")
null34:


  $v0 = local[0]
  $a0 = $v0
  $v0 = local[1]
  $a1 = $v0

  call :List.Search


  local[6] = $v0

  $v0 = local[6]
  PrintIntS( $v0)
  $v0 = local[0]
  if $v0 goto :null35

  Error( "null pointer")
null35:


  $v0 = local[0]
  $a0 = $v0
  $v0 = local[3]
  $a1 = $v0

  call :List.Search


  local[5] = $v0

  $v0 = local[5]
  PrintIntS( $v0)

  PrintIntS( 10000000)

  $t0 = HeapAllocZ( 12)
  local[2] = $t0
  $v0 = local[2]
  if $v0 goto :null36

  Error( "null pointer")
null36:


  $v0 = local[2]
  $a0 = $v0
  $a1 = 28
  $a2 = 35000
  $a3 = 0

  call :Element.Init


  $t0 = $v0
  $v0 = local[0]
  if $v0 goto :null37

  Error( "null pointer")
null37:


  $v0 = local[0]
  $a0 = $v0
  $v0 = local[2]
  $a1 = $v0

  call :List.Insert


  local[0] = $v0
  $v0 = local[0]
  if $v0 goto :null38

  Error( "null pointer")
null38:


  $v0 = local[0]
  $a0 = $v0

  call :List.Print


  $t0 = $v0

  PrintIntS( 2220000)
  $v0 = local[0]
  if $v0 goto :null39

  Error( "null pointer")
null39:


  $v0 = local[0]
  $a0 = $v0
  $v0 = local[1]
  $a1 = $v0

  call :List.Delete


  local[0] = $v0
  $v0 = local[0]
  if $v0 goto :null40

  Error( "null pointer")
null40:


  $v0 = local[0]
  $a0 = $v0

  call :List.Print


  $t0 = $v0

  PrintIntS( 33300000)
  $v0 = local[0]
  if $v0 goto :null41

  Error( "null pointer")
null41:


  $v0 = local[0]
  $a0 = $v0
  $v0 = local[2]
  $a1 = $v0

  call :List.Delete


  local[0] = $v0
  $v0 = local[0]
  if $v0 goto :null42

  Error( "null pointer")
null42:


  $v0 = local[0]
  $a0 = $v0

  call :List.Print


  $t0 = $v0

  PrintIntS( 44440000)
  $v0 = 0

  ret
