
const empty_MT4


func Main [in 0 , out 7 , local 1]



  local[0] = $t1

  $a0 = :empty_MT4
  $a1 = 1
  $a2 = 2
  $a3 = 3
  out[0] = 4
  out[1] = 5
  out[2] = 6

  call :MT4.Start

  $t1 = local[0]

  $t1 = $v0

  $v0 = $t1
  PrintIntS( $v0)


  ret
func MT4.Start [in 7 , out 7 , local 8]


  $t8 = $a0
  $t6 = $a1
  $t5 = $a2
  $t4 = $a3
  $v0 = in[ 0 ]
  $t3 = $v0
  $v0 = in[ 1 ]
  $t2 = $v0
  $v0 = in[ 2 ]
  $t1 = $v0

  $v0 = $t6
  PrintIntS( $v0)

  $v0 = $t5
  PrintIntS( $v0)

  $v0 = $t4
  PrintIntS( $v0)

  $v0 = $t3
  PrintIntS( $v0)

  $v0 = $t2
  PrintIntS( $v0)

  $v0 = $t1
  PrintIntS( $v0)

  local[0] = $t5
  local[1] = $t4
  local[2] = $t7
  local[3] = $t6
  local[4] = $t1
  local[5] = $t3
  local[6] = $t2
  local[7] = $t8

  $v0 = $t8
  $a0 = $v0
  $v0 = $t1
  $a1 = $v0
  $v0 = $t2
  $a2 = $v0
  $v0 = $t3
  $a3 = $v0
  $v0 = $t4
  out[0] = $v0
  $v0 = $t5
  out[1] = $v0
  $v0 = $t6
  out[2] = $v0

  call :MT4.Change

  $t5 = local[0]
  $t4 = local[1]
  $t7 = local[2]
  $t6 = local[3]
  $t1 = local[4]
  $t3 = local[5]
  $t2 = local[6]
  $t8 = local[7]

  $t7 = $v0
  $v0 = $t7

  ret
func MT4.Change [in 7 , out 7 , local 6]


  $t0 = $a0
  $t6 = $a1
  $t5 = $a2
  $t4 = $a3
  $v0 = in[ 0 ]
  $t3 = $v0
  $v0 = in[ 1 ]
  $t2 = $v0
  $v0 = in[ 2 ]
  $t1 = $v0

  $v0 = $t6
  PrintIntS( $v0)

  $v0 = $t5
  PrintIntS( $v0)

  $v0 = $t4
  PrintIntS( $v0)

  $v0 = $t3
  PrintIntS( $v0)

  $v0 = $t2
  PrintIntS( $v0)

  $v0 = $t1
  PrintIntS( $v0)
  $v0 = 0

  ret
