
const empty_QS


func Main [in 0 , out 3 , local 2]



  $t0 = HeapAllocZ( 8)
  local[0] = $t0
  $v0 = local[0]
  if $v0 goto :null1

  Error( "null pointer")
null1:


  $v0 = local[0]
  $a0 = $v0
  $a1 = 10

  call :QS.Start


  local[1] = $v0

  $v0 = local[1]
  PrintIntS( $v0)


  ret
func QS.Start [in 3 , out 3 , local 4]


  local[0] = $a0
  local[2] = $a1


  $v0 = local[0]
  $a0 = $v0
  $v0 = local[2]
  $a1 = $v0

  call :QS.Init


  local[1] = $v0


  $v0 = local[0]
  $a0 = $v0

  call :QS.Print


  local[1] = $v0

  PrintIntS( 9999)

  $v0 = local[0]
  $v0 = [$v0+4]
  local[3] = $v0

  $v0 = local[3]
  $t0 = Sub( $v0 1)
  local[1] = $t0


  $v0 = local[0]
  $a0 = $v0
  $a1 = 0
  $v0 = local[1]
  $a2 = $v0

  call :QS.Sort


  local[1] = $v0


  $v0 = local[0]
  $a0 = $v0

  call :QS.Print


  local[1] = $v0
  $v0 = 0

  ret
func QS.Sort [in 3 , out 3 , local 44]


  local[1] = $a0
  local[2] = $a1
  local[0] = $a2

  local[4] = 0

  $v0 = local[2]
  $v1 = local[0]
  $t0 = LtS( $v0 $v1)
  local[40] = $t0
  $v0 = local[40]
  if0 $v0 goto :if1_else

  $v0 = local[1]
  $v0 = [$v0+0]
  local[14] = $v0
  $v0 = local[14]
  if $v0 goto :null2

  Error( "null pointer")
null2:

  $v0 = local[14]
  $v0 = [$v0+0]
  local[27] = $v0

  $v0 = local[0]
  $v1 = local[27]
  $t0 = Lt( $v0 $v1)
  local[27] = $t0
  $v0 = local[27]
  if $v0 goto :bounds1

  Error( "array index out of bounds")
bounds1:

  $v0 = local[0]
  $t0 = MulS( $v0 4)
  local[27] = $t0

  $v0 = local[27]
  $v1 = local[14]
  $t0 = Add( $v0 $v1)
  local[27] = $t0

  $v0 = local[27]
  $v0 = [$v0+4]
  local[6] = $v0

  $v0 = local[2]
  $t0 = Sub( $v0 1)
  local[3] = $t0
  $v0 = local[0]
  local[5] = $v0

  local[23] = 1
while1_top:
  $v0 = local[23]
  if0 $v0 goto :while1_end

  local[19] = 1
while2_top:
  $v0 = local[19]
  if0 $v0 goto :while2_end

  $v0 = local[3]
  $t0 = Add( $v0 1)
  local[3] = $t0

  $v0 = local[1]
  $v0 = [$v0+0]
  local[10] = $v0
  $v0 = local[10]
  if $v0 goto :null3

  Error( "null pointer")
null3:

  $v0 = local[10]
  $v0 = [$v0+0]
  local[24] = $v0

  $v0 = local[3]
  $v1 = local[24]
  $t0 = Lt( $v0 $v1)
  local[24] = $t0
  $v0 = local[24]
  if $v0 goto :bounds2

  Error( "array index out of bounds")
bounds2:

  $v0 = local[3]
  $t0 = MulS( $v0 4)
  local[24] = $t0

  $v0 = local[24]
  $v1 = local[10]
  $t0 = Add( $v0 $v1)
  local[24] = $t0

  $v0 = local[24]
  $v0 = [$v0+4]
  local[33] = $v0

  $v0 = local[33]
  $v1 = local[6]
  $t0 = LtS( $v0 $v1)
  local[34] = $t0
  $v0 = local[34]
  if $v0 goto :if2_else

  local[19] = 0
goto :if2_end
if2_else:

  local[19] = 1
if2_end:
goto :while2_top
while2_end:

  local[19] = 1
while3_top:
  $v0 = local[19]
  if0 $v0 goto :while3_end

  $v0 = local[5]
  $t0 = Sub( $v0 1)
  local[5] = $t0

  $v0 = local[1]
  $v0 = [$v0+0]
  local[12] = $v0
  $v0 = local[12]
  if $v0 goto :null4

  Error( "null pointer")
null4:

  $v0 = local[12]
  $v0 = [$v0+0]
  local[28] = $v0

  $v0 = local[5]
  $v1 = local[28]
  $t0 = Lt( $v0 $v1)
  local[28] = $t0
  $v0 = local[28]
  if $v0 goto :bounds3

  Error( "array index out of bounds")
bounds3:

  $v0 = local[5]
  $t0 = MulS( $v0 4)
  local[28] = $t0

  $v0 = local[28]
  $v1 = local[12]
  $t0 = Add( $v0 $v1)
  local[28] = $t0

  $v0 = local[28]
  $v0 = [$v0+4]
  local[33] = $v0

  $v0 = local[6]
  $v1 = local[33]
  $t0 = LtS( $v0 $v1)
  local[39] = $t0
  $v0 = local[39]
  if $v0 goto :if3_else

  local[19] = 0
goto :if3_end
if3_else:

  local[19] = 1
if3_end:
goto :while3_top
while3_end:

  $v0 = local[1]
  $v0 = [$v0+0]
  local[11] = $v0
  $v0 = local[11]
  if $v0 goto :null5

  Error( "null pointer")
null5:

  $v0 = local[11]
  $v0 = [$v0+0]
  local[31] = $v0

  $v0 = local[3]
  $v1 = local[31]
  $t0 = Lt( $v0 $v1)
  local[31] = $t0
  $v0 = local[31]
  if $v0 goto :bounds4

  Error( "array index out of bounds")
bounds4:

  $v0 = local[3]
  $t0 = MulS( $v0 4)
  local[31] = $t0

  $v0 = local[31]
  $v1 = local[11]
  $t0 = Add( $v0 $v1)
  local[31] = $t0

  $v0 = local[31]
  $v0 = [$v0+4]
  local[4] = $v0

  $v0 = local[1]
  $v0 = [$v0+0]
  local[20] = $v0
  $v0 = local[20]
  if $v0 goto :null6

  Error( "null pointer")
null6:

  $v0 = local[20]
  $v0 = [$v0+0]
  local[9] = $v0

  $v0 = local[3]
  $v1 = local[9]
  $t0 = Lt( $v0 $v1)
  local[9] = $t0
  $v0 = local[9]
  if $v0 goto :bounds5

  Error( "array index out of bounds")
bounds5:

  $v0 = local[3]
  $t0 = MulS( $v0 4)
  local[9] = $t0

  $v0 = local[9]
  $v1 = local[20]
  $t0 = Add( $v0 $v1)
  local[9] = $t0

  $v0 = local[1]
  $v0 = [$v0+0]
  local[21] = $v0
  $v0 = local[21]
  if $v0 goto :null7

  Error( "null pointer")
null7:

  $v0 = local[21]
  $v0 = [$v0+0]
  local[32] = $v0

  $v0 = local[5]
  $v1 = local[32]
  $t0 = Lt( $v0 $v1)
  local[32] = $t0
  $v0 = local[32]
  if $v0 goto :bounds6

  Error( "array index out of bounds")
bounds6:

  $v0 = local[5]
  $t0 = MulS( $v0 4)
  local[32] = $t0

  $v0 = local[32]
  $v1 = local[21]
  $t0 = Add( $v0 $v1)
  local[32] = $t0

  $v0 = local[32]
  $v0 = [$v0+4]
  local[43] = $v0
  $v0 = local[43]
  $v1 = local[9]
  [$v1+4] = $v0

  $v0 = local[1]
  $v0 = [$v0+0]
  local[22] = $v0
  $v0 = local[22]
  if $v0 goto :null8

  Error( "null pointer")
null8:

  $v0 = local[22]
  $v0 = [$v0+0]
  local[26] = $v0

  $v0 = local[5]
  $v1 = local[26]
  $t0 = Lt( $v0 $v1)
  local[26] = $t0
  $v0 = local[26]
  if $v0 goto :bounds7

  Error( "array index out of bounds")
bounds7:

  $v0 = local[5]
  $t0 = MulS( $v0 4)
  local[26] = $t0

  $v0 = local[26]
  $v1 = local[22]
  $t0 = Add( $v0 $v1)
  local[26] = $t0
  $v0 = local[4]
  $v1 = local[26]
  [$v1+4] = $v0

  $v0 = local[3]
  $t0 = Add( $v0 1)
  local[38] = $t0

  $v0 = local[5]
  $v1 = local[38]
  $t0 = LtS( $v0 $v1)
  local[36] = $t0
  $v0 = local[36]
  if0 $v0 goto :if4_else

  local[23] = 0
goto :if4_end
if4_else:

  local[23] = 1
if4_end:
goto :while1_top
while1_end:

  $v0 = local[1]
  $v0 = [$v0+0]
  local[16] = $v0
  $v0 = local[16]
  if $v0 goto :null9

  Error( "null pointer")
null9:

  $v0 = local[16]
  $v0 = [$v0+0]
  local[7] = $v0

  $v0 = local[5]
  $v1 = local[7]
  $t0 = Lt( $v0 $v1)
  local[7] = $t0
  $v0 = local[7]
  if $v0 goto :bounds8

  Error( "array index out of bounds")
bounds8:

  $v0 = local[5]
  $t0 = MulS( $v0 4)
  local[7] = $t0

  $v0 = local[7]
  $v1 = local[16]
  $t0 = Add( $v0 $v1)
  local[7] = $t0

  $v0 = local[1]
  $v0 = [$v0+0]
  local[15] = $v0
  $v0 = local[15]
  if $v0 goto :null10

  Error( "null pointer")
null10:

  $v0 = local[15]
  $v0 = [$v0+0]
  local[29] = $v0

  $v0 = local[3]
  $v1 = local[29]
  $t0 = Lt( $v0 $v1)
  local[29] = $t0
  $v0 = local[29]
  if $v0 goto :bounds9

  Error( "array index out of bounds")
bounds9:

  $v0 = local[3]
  $t0 = MulS( $v0 4)
  local[29] = $t0

  $v0 = local[29]
  $v1 = local[15]
  $t0 = Add( $v0 $v1)
  local[29] = $t0

  $v0 = local[29]
  $v0 = [$v0+4]
  local[42] = $v0
  $v0 = local[42]
  $v1 = local[7]
  [$v1+4] = $v0

  $v0 = local[1]
  $v0 = [$v0+0]
  local[18] = $v0
  $v0 = local[18]
  if $v0 goto :null11

  Error( "null pointer")
null11:

  $v0 = local[18]
  $v0 = [$v0+0]
  local[8] = $v0

  $v0 = local[3]
  $v1 = local[8]
  $t0 = Lt( $v0 $v1)
  local[8] = $t0
  $v0 = local[8]
  if $v0 goto :bounds10

  Error( "array index out of bounds")
bounds10:

  $v0 = local[3]
  $t0 = MulS( $v0 4)
  local[8] = $t0

  $v0 = local[8]
  $v1 = local[18]
  $t0 = Add( $v0 $v1)
  local[8] = $t0

  $v0 = local[1]
  $v0 = [$v0+0]
  local[17] = $v0
  $v0 = local[17]
  if $v0 goto :null12

  Error( "null pointer")
null12:

  $v0 = local[17]
  $v0 = [$v0+0]
  local[30] = $v0

  $v0 = local[0]
  $v1 = local[30]
  $t0 = Lt( $v0 $v1)
  local[30] = $t0
  $v0 = local[30]
  if $v0 goto :bounds11

  Error( "array index out of bounds")
bounds11:

  $v0 = local[0]
  $t0 = MulS( $v0 4)
  local[30] = $t0

  $v0 = local[30]
  $v1 = local[17]
  $t0 = Add( $v0 $v1)
  local[30] = $t0

  $v0 = local[30]
  $v0 = [$v0+4]
  local[41] = $v0
  $v0 = local[41]
  $v1 = local[8]
  [$v1+4] = $v0

  $v0 = local[1]
  $v0 = [$v0+0]
  local[13] = $v0
  $v0 = local[13]
  if $v0 goto :null13

  Error( "null pointer")
null13:

  $v0 = local[13]
  $v0 = [$v0+0]
  local[25] = $v0

  $v0 = local[0]
  $v1 = local[25]
  $t0 = Lt( $v0 $v1)
  local[25] = $t0
  $v0 = local[25]
  if $v0 goto :bounds12

  Error( "array index out of bounds")
bounds12:

  $v0 = local[0]
  $t0 = MulS( $v0 4)
  local[25] = $t0

  $v0 = local[25]
  $v1 = local[13]
  $t0 = Add( $v0 $v1)
  local[25] = $t0
  $v0 = local[4]
  $v1 = local[25]
  [$v1+4] = $v0

  $v0 = local[3]
  $t0 = Sub( $v0 1)
  local[37] = $t0


  $v0 = local[1]
  $a0 = $v0
  $v0 = local[2]
  $a1 = $v0
  $v0 = local[37]
  $a2 = $v0

  call :QS.Sort


  $t0 = $v0

  $v0 = local[3]
  $t0 = Add( $v0 1)
  local[35] = $t0


  $v0 = local[1]
  $a0 = $v0
  $v0 = local[35]
  $a1 = $v0
  $v0 = local[0]
  $a2 = $v0

  call :QS.Sort


  $t0 = $v0
goto :if1_end
if1_else:

  $t0 = 0
if1_end:
  $v0 = 0

  ret
func QS.Print [in 3 , out 3 , local 7]


  local[0] = $a0

  local[1] = 0
while4_top:

  $v0 = local[0]
  $v0 = [$v0+4]
  local[6] = $v0

  $v0 = local[1]
  $v1 = local[6]
  $t0 = LtS( $v0 $v1)
  local[5] = $t0
  $v0 = local[5]
  if0 $v0 goto :while4_end

  $v0 = local[0]
  $v0 = [$v0+0]
  local[2] = $v0
  $v0 = local[2]
  if $v0 goto :null14

  Error( "null pointer")
null14:

  $v0 = local[2]
  $v0 = [$v0+0]
  local[3] = $v0

  $v0 = local[1]
  $v1 = local[3]
  $t0 = Lt( $v0 $v1)
  local[3] = $t0
  $v0 = local[3]
  if $v0 goto :bounds13

  Error( "array index out of bounds")
bounds13:

  $v0 = local[1]
  $t0 = MulS( $v0 4)
  local[3] = $t0

  $v0 = local[3]
  $v1 = local[2]
  $t0 = Add( $v0 $v1)
  local[3] = $t0

  $v0 = local[3]
  $v0 = [$v0+4]
  local[4] = $v0

  $v0 = local[4]
  PrintIntS( $v0)

  $v0 = local[1]
  $t0 = Add( $v0 1)
  local[1] = $t0
goto :while4_top
while4_end:
  $v0 = 0

  ret
func QS.Init [in 3 , out 3 , local 23]


  local[0] = $a0
  local[21] = $a1
  $v0 = local[21]
  $v1 = local[0]
  [$v1+4] = $v0


  $v0 = local[21]
  $a0 = $v0

  call :AllocArray


  local[22] = $v0
  $v0 = local[22]
  $v1 = local[0]
  [$v1+0] = $v0

  $v0 = local[0]
  $v0 = [$v0+0]
  local[7] = $v0
  $v0 = local[7]
  if $v0 goto :null15

  Error( "null pointer")
null15:

  $v0 = local[7]
  $v0 = [$v0+0]
  local[13] = $v0

  $v1 = local[13]
  $t0 = Lt( 0 $v1)
  local[13] = $t0
  $v0 = local[13]
  if $v0 goto :bounds14

  Error( "array index out of bounds")
bounds14:

  $t0 = MulS( 0 4)
  local[13] = $t0

  $v0 = local[13]
  $v1 = local[7]
  $t0 = Add( $v0 $v1)
  local[13] = $t0

  $v1 = local[13]
  [$v1+4] = 20

  $v0 = local[0]
  $v0 = [$v0+0]
  local[3] = $v0
  $v0 = local[3]
  if $v0 goto :null16

  Error( "null pointer")
null16:

  $v0 = local[3]
  $v0 = [$v0+0]
  local[11] = $v0

  $v1 = local[11]
  $t0 = Lt( 1 $v1)
  local[11] = $t0
  $v0 = local[11]
  if $v0 goto :bounds15

  Error( "array index out of bounds")
bounds15:

  $t0 = MulS( 1 4)
  local[11] = $t0

  $v0 = local[11]
  $v1 = local[3]
  $t0 = Add( $v0 $v1)
  local[11] = $t0

  $v1 = local[11]
  [$v1+4] = 7

  $v0 = local[0]
  $v0 = [$v0+0]
  local[1] = $v0
  $v0 = local[1]
  if $v0 goto :null17

  Error( "null pointer")
null17:

  $v0 = local[1]
  $v0 = [$v0+0]
  local[15] = $v0

  $v1 = local[15]
  $t0 = Lt( 2 $v1)
  local[15] = $t0
  $v0 = local[15]
  if $v0 goto :bounds16

  Error( "array index out of bounds")
bounds16:

  $t0 = MulS( 2 4)
  local[15] = $t0

  $v0 = local[15]
  $v1 = local[1]
  $t0 = Add( $v0 $v1)
  local[15] = $t0

  $v1 = local[15]
  [$v1+4] = 12

  $v0 = local[0]
  $v0 = [$v0+0]
  local[6] = $v0
  $v0 = local[6]
  if $v0 goto :null18

  Error( "null pointer")
null18:

  $v0 = local[6]
  $v0 = [$v0+0]
  local[14] = $v0

  $v1 = local[14]
  $t0 = Lt( 3 $v1)
  local[14] = $t0
  $v0 = local[14]
  if $v0 goto :bounds17

  Error( "array index out of bounds")
bounds17:

  $t0 = MulS( 3 4)
  local[14] = $t0

  $v0 = local[14]
  $v1 = local[6]
  $t0 = Add( $v0 $v1)
  local[14] = $t0

  $v1 = local[14]
  [$v1+4] = 18

  $v0 = local[0]
  $v0 = [$v0+0]
  local[5] = $v0
  $v0 = local[5]
  if $v0 goto :null19

  Error( "null pointer")
null19:

  $v0 = local[5]
  $v0 = [$v0+0]
  local[16] = $v0

  $v1 = local[16]
  $t0 = Lt( 4 $v1)
  local[16] = $t0
  $v0 = local[16]
  if $v0 goto :bounds18

  Error( "array index out of bounds")
bounds18:

  $t0 = MulS( 4 4)
  local[16] = $t0

  $v0 = local[16]
  $v1 = local[5]
  $t0 = Add( $v0 $v1)
  local[16] = $t0

  $v1 = local[16]
  [$v1+4] = 2

  $v0 = local[0]
  $v0 = [$v0+0]
  local[8] = $v0
  $v0 = local[8]
  if $v0 goto :null20

  Error( "null pointer")
null20:

  $v0 = local[8]
  $v0 = [$v0+0]
  local[18] = $v0

  $v1 = local[18]
  $t0 = Lt( 5 $v1)
  local[18] = $t0
  $v0 = local[18]
  if $v0 goto :bounds19

  Error( "array index out of bounds")
bounds19:

  $t0 = MulS( 5 4)
  local[18] = $t0

  $v0 = local[18]
  $v1 = local[8]
  $t0 = Add( $v0 $v1)
  local[18] = $t0

  $v1 = local[18]
  [$v1+4] = 11

  $v0 = local[0]
  $v0 = [$v0+0]
  local[9] = $v0
  $v0 = local[9]
  if $v0 goto :null21

  Error( "null pointer")
null21:

  $v0 = local[9]
  $v0 = [$v0+0]
  local[19] = $v0

  $v1 = local[19]
  $t0 = Lt( 6 $v1)
  local[19] = $t0
  $v0 = local[19]
  if $v0 goto :bounds20

  Error( "array index out of bounds")
bounds20:

  $t0 = MulS( 6 4)
  local[19] = $t0

  $v0 = local[19]
  $v1 = local[9]
  $t0 = Add( $v0 $v1)
  local[19] = $t0

  $v1 = local[19]
  [$v1+4] = 6

  $v0 = local[0]
  $v0 = [$v0+0]
  local[10] = $v0
  $v0 = local[10]
  if $v0 goto :null22

  Error( "null pointer")
null22:

  $v0 = local[10]
  $v0 = [$v0+0]
  local[20] = $v0

  $v1 = local[20]
  $t0 = Lt( 7 $v1)
  local[20] = $t0
  $v0 = local[20]
  if $v0 goto :bounds21

  Error( "array index out of bounds")
bounds21:

  $t0 = MulS( 7 4)
  local[20] = $t0

  $v0 = local[20]
  $v1 = local[10]
  $t0 = Add( $v0 $v1)
  local[20] = $t0

  $v1 = local[20]
  [$v1+4] = 9

  $v0 = local[0]
  $v0 = [$v0+0]
  local[4] = $v0
  $v0 = local[4]
  if $v0 goto :null23

  Error( "null pointer")
null23:

  $v0 = local[4]
  $v0 = [$v0+0]
  local[12] = $v0

  $v1 = local[12]
  $t0 = Lt( 8 $v1)
  local[12] = $t0
  $v0 = local[12]
  if $v0 goto :bounds22

  Error( "array index out of bounds")
bounds22:

  $t0 = MulS( 8 4)
  local[12] = $t0

  $v0 = local[12]
  $v1 = local[4]
  $t0 = Add( $v0 $v1)
  local[12] = $t0

  $v1 = local[12]
  [$v1+4] = 19

  $v0 = local[0]
  $v0 = [$v0+0]
  local[2] = $v0
  $v0 = local[2]
  if $v0 goto :null24

  Error( "null pointer")
null24:

  $v0 = local[2]
  $v0 = [$v0+0]
  local[17] = $v0

  $v1 = local[17]
  $t0 = Lt( 9 $v1)
  local[17] = $t0
  $v0 = local[17]
  if $v0 goto :bounds23

  Error( "array index out of bounds")
bounds23:

  $t0 = MulS( 9 4)
  local[17] = $t0

  $v0 = local[17]
  $v1 = local[2]
  $t0 = Add( $v0 $v1)
  local[17] = $t0

  $v1 = local[17]
  [$v1+4] = 5
  $v0 = 0

  ret
func AllocArray [in 3 , out 3 , local 3]


  local[0] = $a0

  $v0 = local[0]
  $t0 = MulS( $v0 4)
  local[2] = $t0

  $v0 = local[2]
  $t0 = Add( $v0 4)
  local[2] = $t0

  $v0 = local[2]
  $t0 = HeapAllocZ( $v0)
  local[1] = $t0
  $v0 = local[0]
  $v1 = local[1]
  [$v1+0] = $v0
  $v0 = local[1]

  ret
