
const empty_TV

const empty_Tree

const vmt_Visitor
  :Visitor.visit

const vmt_MyVisitor
  :MyVisitor.visit


func Main [in 0 , out 3 , local 1]




  $a0 = :empty_TV

  call :TV.Start


  local[0] = $v0

  $v0 = local[0]
  PrintIntS( $v0)


  ret
func TV.Start [in 3 , out 3 , local 9]


  $t0 = $a0

  $t0 = HeapAllocZ( 24)
  local[0] = $t0
  $v0 = local[0]
  if $v0 goto :null1

  Error( "null pointer")
null1:


  $v0 = local[0]
  $a0 = $v0
  $a1 = 16

  call :Tree.Init


  $t0 = $v0
  $v0 = local[0]
  if $v0 goto :null2

  Error( "null pointer")
null2:


  $v0 = local[0]
  $a0 = $v0

  call :Tree.Print


  $t0 = $v0

  PrintIntS( 100000000)
  $v0 = local[0]
  if $v0 goto :null3

  Error( "null pointer")
null3:


  $v0 = local[0]
  $a0 = $v0
  $a1 = 8

  call :Tree.Insert


  $t0 = $v0
  $v0 = local[0]
  if $v0 goto :null4

  Error( "null pointer")
null4:


  $v0 = local[0]
  $a0 = $v0
  $a1 = 24

  call :Tree.Insert


  $t0 = $v0
  $v0 = local[0]
  if $v0 goto :null5

  Error( "null pointer")
null5:


  $v0 = local[0]
  $a0 = $v0
  $a1 = 4

  call :Tree.Insert


  $t0 = $v0
  $v0 = local[0]
  if $v0 goto :null6

  Error( "null pointer")
null6:


  $v0 = local[0]
  $a0 = $v0
  $a1 = 12

  call :Tree.Insert


  $t0 = $v0
  $v0 = local[0]
  if $v0 goto :null7

  Error( "null pointer")
null7:


  $v0 = local[0]
  $a0 = $v0
  $a1 = 20

  call :Tree.Insert


  $t0 = $v0
  $v0 = local[0]
  if $v0 goto :null8

  Error( "null pointer")
null8:


  $v0 = local[0]
  $a0 = $v0
  $a1 = 28

  call :Tree.Insert


  $t0 = $v0
  $v0 = local[0]
  if $v0 goto :null9

  Error( "null pointer")
null9:


  $v0 = local[0]
  $a0 = $v0
  $a1 = 14

  call :Tree.Insert


  $t0 = $v0
  $v0 = local[0]
  if $v0 goto :null10

  Error( "null pointer")
null10:


  $v0 = local[0]
  $a0 = $v0

  call :Tree.Print


  $t0 = $v0

  PrintIntS( 100000000)

  $t0 = HeapAllocZ( 12)
  local[2] = $t0

  $v1 = local[2]
  [$v1+0] = :vmt_MyVisitor
  $v0 = local[2]
  local[1] = $v0

  PrintIntS( 50000000)
  $v0 = local[0]
  if $v0 goto :null11

  Error( "null pointer")
null11:


  $v0 = local[0]
  $a0 = $v0
  $v0 = local[1]
  $a1 = $v0

  call :Tree.accept


  $t0 = $v0

  PrintIntS( 100000000)
  $v0 = local[0]
  if $v0 goto :null12

  Error( "null pointer")
null12:


  $v0 = local[0]
  $a0 = $v0
  $a1 = 24

  call :Tree.Search


  local[8] = $v0

  $v0 = local[8]
  PrintIntS( $v0)
  $v0 = local[0]
  if $v0 goto :null13

  Error( "null pointer")
null13:


  $v0 = local[0]
  $a0 = $v0
  $a1 = 12

  call :Tree.Search


  local[6] = $v0

  $v0 = local[6]
  PrintIntS( $v0)
  $v0 = local[0]
  if $v0 goto :null14

  Error( "null pointer")
null14:


  $v0 = local[0]
  $a0 = $v0
  $a1 = 16

  call :Tree.Search


  local[5] = $v0

  $v0 = local[5]
  PrintIntS( $v0)
  $v0 = local[0]
  if $v0 goto :null15

  Error( "null pointer")
null15:


  $v0 = local[0]
  $a0 = $v0
  $a1 = 50

  call :Tree.Search


  local[4] = $v0

  $v0 = local[4]
  PrintIntS( $v0)
  $v0 = local[0]
  if $v0 goto :null16

  Error( "null pointer")
null16:


  $v0 = local[0]
  $a0 = $v0
  $a1 = 12

  call :Tree.Search


  local[3] = $v0

  $v0 = local[3]
  PrintIntS( $v0)
  $v0 = local[0]
  if $v0 goto :null17

  Error( "null pointer")
null17:


  $v0 = local[0]
  $a0 = $v0
  $a1 = 12

  call :Tree.Delete


  $t0 = $v0
  $v0 = local[0]
  if $v0 goto :null18

  Error( "null pointer")
null18:


  $v0 = local[0]
  $a0 = $v0

  call :Tree.Print


  $t0 = $v0
  $v0 = local[0]
  if $v0 goto :null19

  Error( "null pointer")
null19:


  $v0 = local[0]
  $a0 = $v0
  $a1 = 12

  call :Tree.Search


  local[7] = $v0

  $v0 = local[7]
  PrintIntS( $v0)
  $v0 = 0

  ret
func Tree.Init [in 3 , out 3 , local 2]


  local[0] = $a0
  local[1] = $a1
  $v0 = local[1]
  $v1 = local[0]
  [$v1+8] = $v0

  $v1 = local[0]
  [$v1+12] = 0

  $v1 = local[0]
  [$v1+16] = 0
  $v0 = 1

  ret
func Tree.SetRight [in 3 , out 3 , local 2]


  local[1] = $a0
  local[0] = $a1
  $v0 = local[0]
  $v1 = local[1]
  [$v1+4] = $v0
  $v0 = 1

  ret
func Tree.SetLeft [in 3 , out 3 , local 2]


  local[1] = $a0
  local[0] = $a1
  $v0 = local[0]
  $v1 = local[1]
  [$v1+0] = $v0
  $v0 = 1

  ret
func Tree.GetRight [in 3 , out 3 , local 2]


  local[0] = $a0

  $v0 = local[0]
  $v0 = [$v0+4]
  local[1] = $v0
  $v0 = local[1]

  ret
func Tree.GetLeft [in 3 , out 3 , local 2]


  local[0] = $a0

  $v0 = local[0]
  $v0 = [$v0+0]
  local[1] = $v0
  $v0 = local[1]

  ret
func Tree.GetKey [in 3 , out 3 , local 2]


  local[0] = $a0

  $v0 = local[0]
  $v0 = [$v0+8]
  local[1] = $v0
  $v0 = local[1]

  ret
func Tree.SetKey [in 3 , out 3 , local 2]


  local[1] = $a0
  local[0] = $a1
  $v0 = local[0]
  $v1 = local[1]
  [$v1+8] = $v0
  $v0 = 1

  ret
func Tree.GetHas_Right [in 3 , out 3 , local 2]


  local[0] = $a0

  $v0 = local[0]
  $v0 = [$v0+16]
  local[1] = $v0
  $v0 = local[1]

  ret
func Tree.GetHas_Left [in 3 , out 3 , local 2]


  local[0] = $a0

  $v0 = local[0]
  $v0 = [$v0+12]
  local[1] = $v0
  $v0 = local[1]

  ret
func Tree.SetHas_Left [in 3 , out 3 , local 2]


  local[1] = $a0
  local[0] = $a1
  $v0 = local[0]
  $v1 = local[1]
  [$v1+12] = $v0
  $v0 = 1

  ret
func Tree.SetHas_Right [in 3 , out 3 , local 2]


  local[1] = $a0
  local[0] = $a1
  $v0 = local[0]
  $v1 = local[1]
  [$v1+16] = $v0
  $v0 = 1

  ret
func Tree.Compare [in 3 , out 3 , local 6]


  $t0 = $a0
  local[0] = $a1
  local[3] = $a2

  local[2] = 0

  $v0 = local[3]
  $t0 = Add( $v0 1)
  local[1] = $t0

  $v0 = local[0]
  $v1 = local[3]
  $t0 = LtS( $v0 $v1)
  local[5] = $t0
  $v0 = local[5]
  if0 $v0 goto :if1_else

  local[2] = 0
goto :if1_end
if1_else:

  $v0 = local[0]
  $v1 = local[1]
  $t0 = LtS( $v0 $v1)
  local[4] = $t0
  $v0 = local[4]
  if $v0 goto :if2_else

  local[2] = 0
goto :if2_end
if2_else:

  local[2] = 1
if2_end:
if1_end:
  $v0 = local[2]

  ret
func Tree.Insert [in 3 , out 3 , local 9]


  local[4] = $a0
  local[0] = $a1

  $t0 = HeapAllocZ( 24)
  local[1] = $t0
  $v0 = local[1]
  if $v0 goto :null20

  Error( "null pointer")
null20:


  $v0 = local[1]
  $a0 = $v0
  $v0 = local[0]
  $a1 = $v0

  call :Tree.Init


  $t0 = $v0
  $v0 = local[4]
  local[2] = $v0

  local[3] = 1
while1_top:
  $v0 = local[3]
  if0 $v0 goto :while1_end
  $v0 = local[2]
  if $v0 goto :null21

  Error( "null pointer")
null21:


  $v0 = local[2]
  $a0 = $v0

  call :Tree.GetKey


  local[7] = $v0

  $v0 = local[0]
  $v1 = local[7]
  $t0 = LtS( $v0 $v1)
  local[8] = $t0
  $v0 = local[8]
  if0 $v0 goto :if3_else
  $v0 = local[2]
  if $v0 goto :null22

  Error( "null pointer")
null22:


  $v0 = local[2]
  $a0 = $v0

  call :Tree.GetHas_Left


  local[6] = $v0
  $v0 = local[6]
  if0 $v0 goto :if4_else
  $v0 = local[2]
  if $v0 goto :null23

  Error( "null pointer")
null23:


  $v0 = local[2]
  $a0 = $v0

  call :Tree.GetLeft


  local[2] = $v0
goto :if4_end
if4_else:

  local[3] = 0
  $v0 = local[2]
  if $v0 goto :null24

  Error( "null pointer")
null24:


  $v0 = local[2]
  $a0 = $v0
  $a1 = 1

  call :Tree.SetHas_Left


  $t0 = $v0
  $v0 = local[2]
  if $v0 goto :null25

  Error( "null pointer")
null25:


  $v0 = local[2]
  $a0 = $v0
  $v0 = local[1]
  $a1 = $v0

  call :Tree.SetLeft


  $t0 = $v0
if4_end:
goto :if3_end
if3_else:
  $v0 = local[2]
  if $v0 goto :null26

  Error( "null pointer")
null26:


  $v0 = local[2]
  $a0 = $v0

  call :Tree.GetHas_Right


  local[5] = $v0
  $v0 = local[5]
  if0 $v0 goto :if5_else
  $v0 = local[2]
  if $v0 goto :null27

  Error( "null pointer")
null27:


  $v0 = local[2]
  $a0 = $v0

  call :Tree.GetRight


  local[2] = $v0
goto :if5_end
if5_else:

  local[3] = 0
  $v0 = local[2]
  if $v0 goto :null28

  Error( "null pointer")
null28:


  $v0 = local[2]
  $a0 = $v0
  $a1 = 1

  call :Tree.SetHas_Right


  $t0 = $v0
  $v0 = local[2]
  if $v0 goto :null29

  Error( "null pointer")
null29:


  $v0 = local[2]
  $a0 = $v0
  $v0 = local[1]
  $a1 = $v0

  call :Tree.SetRight


  $t0 = $v0
if5_end:
if3_end:
goto :while1_top
while1_end:
  $v0 = 1

  ret
func Tree.Delete [in 3 , out 3 , local 14]


  local[1] = $a0
  local[0] = $a1
  $v0 = local[1]
  local[2] = $v0
  $v0 = local[1]
  local[3] = $v0

  local[6] = 1

  local[4] = 0

  local[5] = 1
while2_top:
  $v0 = local[6]
  if0 $v0 goto :while2_end
  $v0 = local[2]
  if $v0 goto :null30

  Error( "null pointer")
null30:


  $v0 = local[2]
  $a0 = $v0

  call :Tree.GetKey


  local[7] = $v0

  $v0 = local[0]
  $v1 = local[7]
  $t0 = LtS( $v0 $v1)
  local[13] = $t0
  $v0 = local[13]
  if0 $v0 goto :if6_else
  $v0 = local[2]
  if $v0 goto :null31

  Error( "null pointer")
null31:


  $v0 = local[2]
  $a0 = $v0

  call :Tree.GetHas_Left


  local[12] = $v0
  $v0 = local[12]
  if0 $v0 goto :if7_else
  $v0 = local[2]
  local[3] = $v0
  $v0 = local[2]
  if $v0 goto :null32

  Error( "null pointer")
null32:


  $v0 = local[2]
  $a0 = $v0

  call :Tree.GetLeft


  local[2] = $v0
goto :if7_end
if7_else:

  local[6] = 0
if7_end:
goto :if6_end
if6_else:

  $v0 = local[7]
  $v1 = local[0]
  $t0 = LtS( $v0 $v1)
  local[11] = $t0
  $v0 = local[11]
  if0 $v0 goto :if8_else
  $v0 = local[2]
  if $v0 goto :null33

  Error( "null pointer")
null33:


  $v0 = local[2]
  $a0 = $v0

  call :Tree.GetHas_Right


  local[10] = $v0
  $v0 = local[10]
  if0 $v0 goto :if9_else
  $v0 = local[2]
  local[3] = $v0
  $v0 = local[2]
  if $v0 goto :null34

  Error( "null pointer")
null34:


  $v0 = local[2]
  $a0 = $v0

  call :Tree.GetRight


  local[2] = $v0
goto :if9_end
if9_else:

  local[6] = 0
if9_end:
goto :if8_end
if8_else:
  $v0 = local[5]
  if0 $v0 goto :if10_else
  $v0 = local[2]
  if $v0 goto :null35

  Error( "null pointer")
null35:


  $v0 = local[2]
  $a0 = $v0

  call :Tree.GetHas_Right


  local[9] = $v0
  $v0 = local[9]
  if $v0 goto :if11_else
  $v0 = local[2]
  if $v0 goto :null36

  Error( "null pointer")
null36:


  $v0 = local[2]
  $a0 = $v0

  call :Tree.GetHas_Left


  local[8] = $v0
  $v0 = local[8]
  if $v0 goto :if11_else

  $t0 = 1
goto :if11_end
if11_else:


  $v0 = local[1]
  $a0 = $v0
  $v0 = local[3]
  $a1 = $v0
  $v0 = local[2]
  $a2 = $v0

  call :Tree.Remove


  $t0 = $v0
if11_end:
goto :if10_end
if10_else:


  $v0 = local[1]
  $a0 = $v0
  $v0 = local[3]
  $a1 = $v0
  $v0 = local[2]
  $a2 = $v0

  call :Tree.Remove


  $t0 = $v0
if10_end:

  local[4] = 1

  local[6] = 0
if8_end:
if6_end:

  local[5] = 0
goto :while2_top
while2_end:
  $v0 = local[4]

  ret
func Tree.Remove [in 3 , out 3 , local 11]


  local[1] = $a0
  local[0] = $a1
  local[2] = $a2
  $v0 = local[2]
  if $v0 goto :null37

  Error( "null pointer")
null37:


  $v0 = local[2]
  $a0 = $v0

  call :Tree.GetHas_Left


  local[10] = $v0
  $v0 = local[10]
  if0 $v0 goto :if12_else


  $v0 = local[1]
  $a0 = $v0
  $v0 = local[0]
  $a1 = $v0
  $v0 = local[2]
  $a2 = $v0

  call :Tree.RemoveLeft


  $t0 = $v0
goto :if12_end
if12_else:
  $v0 = local[2]
  if $v0 goto :null38

  Error( "null pointer")
null38:


  $v0 = local[2]
  $a0 = $v0

  call :Tree.GetHas_Right


  local[9] = $v0
  $v0 = local[9]
  if0 $v0 goto :if13_else


  $v0 = local[1]
  $a0 = $v0
  $v0 = local[0]
  $a1 = $v0
  $v0 = local[2]
  $a2 = $v0

  call :Tree.RemoveRight


  $t0 = $v0
goto :if13_end
if13_else:
  $v0 = local[2]
  if $v0 goto :null39

  Error( "null pointer")
null39:


  $v0 = local[2]
  $a0 = $v0

  call :Tree.GetKey


  local[3] = $v0
  $v0 = local[0]
  if $v0 goto :null40

  Error( "null pointer")
null40:


  $v0 = local[0]
  $a0 = $v0

  call :Tree.GetLeft


  local[4] = $v0
  $v0 = local[4]
  if $v0 goto :null41

  Error( "null pointer")
null41:


  $v0 = local[4]
  $a0 = $v0

  call :Tree.GetKey


  local[8] = $v0


  $v0 = local[1]
  $a0 = $v0
  $v0 = local[3]
  $a1 = $v0
  $v0 = local[8]
  $a2 = $v0

  call :Tree.Compare


  local[7] = $v0
  $v0 = local[7]
  if0 $v0 goto :if14_else
  $v0 = local[0]
  if $v0 goto :null42

  Error( "null pointer")
null42:

  $v0 = local[1]
  $v0 = [$v0+20]
  local[6] = $v0


  $v0 = local[0]
  $a0 = $v0
  $v0 = local[6]
  $a1 = $v0

  call :Tree.SetLeft


  $t0 = $v0
  $v0 = local[0]
  if $v0 goto :null43

  Error( "null pointer")
null43:


  $v0 = local[0]
  $a0 = $v0
  $a1 = 0

  call :Tree.SetHas_Left


  $t0 = $v0
goto :if14_end
if14_else:
  $v0 = local[0]
  if $v0 goto :null44

  Error( "null pointer")
null44:

  $v0 = local[1]
  $v0 = [$v0+20]
  local[5] = $v0


  $v0 = local[0]
  $a0 = $v0
  $v0 = local[5]
  $a1 = $v0

  call :Tree.SetRight


  $t0 = $v0
  $v0 = local[0]
  if $v0 goto :null45

  Error( "null pointer")
null45:


  $v0 = local[0]
  $a0 = $v0
  $a1 = 0

  call :Tree.SetHas_Right


  $t0 = $v0
if14_end:
if13_end:
if12_end:
  $v0 = 1

  ret
func Tree.RemoveRight [in 3 , out 3 , local 7]


  local[0] = $a0
  local[2] = $a1
  local[1] = $a2
while3_top:
  $v0 = local[1]
  if $v0 goto :null46

  Error( "null pointer")
null46:


  $v0 = local[1]
  $a0 = $v0

  call :Tree.GetHas_Right


  local[6] = $v0
  $v0 = local[6]
  if0 $v0 goto :while3_end
  $v0 = local[1]
  if $v0 goto :null47

  Error( "null pointer")
null47:
  $v0 = local[1]
  if $v0 goto :null48

  Error( "null pointer")
null48:


  $v0 = local[1]
  $a0 = $v0

  call :Tree.GetRight


  local[3] = $v0
  $v0 = local[3]
  if $v0 goto :null49

  Error( "null pointer")
null49:


  $v0 = local[3]
  $a0 = $v0

  call :Tree.GetKey


  local[5] = $v0


  $v0 = local[1]
  $a0 = $v0
  $v0 = local[5]
  $a1 = $v0

  call :Tree.SetKey


  $t0 = $v0
  $v0 = local[1]
  local[2] = $v0
  $v0 = local[1]
  if $v0 goto :null50

  Error( "null pointer")
null50:


  $v0 = local[1]
  $a0 = $v0

  call :Tree.GetRight


  local[1] = $v0
goto :while3_top
while3_end:
  $v0 = local[2]
  if $v0 goto :null51

  Error( "null pointer")
null51:

  $v0 = local[0]
  $v0 = [$v0+20]
  local[4] = $v0


  $v0 = local[2]
  $a0 = $v0
  $v0 = local[4]
  $a1 = $v0

  call :Tree.SetRight


  $t0 = $v0
  $v0 = local[2]
  if $v0 goto :null52

  Error( "null pointer")
null52:


  $v0 = local[2]
  $a0 = $v0
  $a1 = 0

  call :Tree.SetHas_Right


  $t0 = $v0
  $v0 = 1

  ret
func Tree.RemoveLeft [in 3 , out 3 , local 7]


  local[0] = $a0
  local[2] = $a1
  local[1] = $a2
while4_top:
  $v0 = local[1]
  if $v0 goto :null53

  Error( "null pointer")
null53:


  $v0 = local[1]
  $a0 = $v0

  call :Tree.GetHas_Left


  local[6] = $v0
  $v0 = local[6]
  if0 $v0 goto :while4_end
  $v0 = local[1]
  if $v0 goto :null54

  Error( "null pointer")
null54:
  $v0 = local[1]
  if $v0 goto :null55

  Error( "null pointer")
null55:


  $v0 = local[1]
  $a0 = $v0

  call :Tree.GetLeft


  local[3] = $v0
  $v0 = local[3]
  if $v0 goto :null56

  Error( "null pointer")
null56:


  $v0 = local[3]
  $a0 = $v0

  call :Tree.GetKey


  local[5] = $v0


  $v0 = local[1]
  $a0 = $v0
  $v0 = local[5]
  $a1 = $v0

  call :Tree.SetKey


  $t0 = $v0
  $v0 = local[1]
  local[2] = $v0
  $v0 = local[1]
  if $v0 goto :null57

  Error( "null pointer")
null57:


  $v0 = local[1]
  $a0 = $v0

  call :Tree.GetLeft


  local[1] = $v0
goto :while4_top
while4_end:
  $v0 = local[2]
  if $v0 goto :null58

  Error( "null pointer")
null58:

  $v0 = local[0]
  $v0 = [$v0+20]
  local[4] = $v0


  $v0 = local[2]
  $a0 = $v0
  $v0 = local[4]
  $a1 = $v0

  call :Tree.SetLeft


  $t0 = $v0
  $v0 = local[2]
  if $v0 goto :null59

  Error( "null pointer")
null59:


  $v0 = local[2]
  $a0 = $v0
  $a1 = 0

  call :Tree.SetHas_Left


  $t0 = $v0
  $v0 = 1

  ret
func Tree.Search [in 3 , out 3 , local 10]


  local[8] = $a0
  local[0] = $a1
  $v0 = local[8]
  local[1] = $v0

  local[3] = 1

  local[2] = 0
while5_top:
  $v0 = local[3]
  if0 $v0 goto :while5_end
  $v0 = local[1]
  if $v0 goto :null60

  Error( "null pointer")
null60:


  $v0 = local[1]
  $a0 = $v0

  call :Tree.GetKey


  local[4] = $v0

  $v0 = local[0]
  $v1 = local[4]
  $t0 = LtS( $v0 $v1)
  local[9] = $t0
  $v0 = local[9]
  if0 $v0 goto :if15_else
  $v0 = local[1]
  if $v0 goto :null61

  Error( "null pointer")
null61:


  $v0 = local[1]
  $a0 = $v0

  call :Tree.GetHas_Left


  local[7] = $v0
  $v0 = local[7]
  if0 $v0 goto :if16_else
  $v0 = local[1]
  if $v0 goto :null62

  Error( "null pointer")
null62:


  $v0 = local[1]
  $a0 = $v0

  call :Tree.GetLeft


  local[1] = $v0
goto :if16_end
if16_else:

  local[3] = 0
if16_end:
goto :if15_end
if15_else:

  $v0 = local[4]
  $v1 = local[0]
  $t0 = LtS( $v0 $v1)
  local[6] = $t0
  $v0 = local[6]
  if0 $v0 goto :if17_else
  $v0 = local[1]
  if $v0 goto :null63

  Error( "null pointer")
null63:


  $v0 = local[1]
  $a0 = $v0

  call :Tree.GetHas_Right


  local[5] = $v0
  $v0 = local[5]
  if0 $v0 goto :if18_else
  $v0 = local[1]
  if $v0 goto :null64

  Error( "null pointer")
null64:


  $v0 = local[1]
  $a0 = $v0

  call :Tree.GetRight


  local[1] = $v0
goto :if18_end
if18_else:

  local[3] = 0
if18_end:
goto :if17_end
if17_else:

  local[2] = 1

  local[3] = 0
if17_end:
if15_end:
goto :while5_top
while5_end:
  $v0 = local[2]

  ret
func Tree.Print [in 3 , out 3 , local 2]


  local[0] = $a0
  $v0 = local[0]
  local[1] = $v0


  $v0 = local[0]
  $a0 = $v0
  $v0 = local[1]
  $a1 = $v0

  call :Tree.RecPrint


  $t0 = $v0
  $v0 = 1

  ret
func Tree.RecPrint [in 3 , out 3 , local 7]


  local[0] = $a0
  local[1] = $a1
  $v0 = local[1]
  if $v0 goto :null65

  Error( "null pointer")
null65:


  $v0 = local[1]
  $a0 = $v0

  call :Tree.GetHas_Left


  local[6] = $v0
  $v0 = local[6]
  if0 $v0 goto :if19_else
  $v0 = local[1]
  if $v0 goto :null66

  Error( "null pointer")
null66:


  $v0 = local[1]
  $a0 = $v0

  call :Tree.GetLeft


  local[5] = $v0


  $v0 = local[0]
  $a0 = $v0
  $v0 = local[5]
  $a1 = $v0

  call :Tree.RecPrint


  $t0 = $v0
goto :if19_end
if19_else:

  $t0 = 1
if19_end:
  $v0 = local[1]
  if $v0 goto :null67

  Error( "null pointer")
null67:


  $v0 = local[1]
  $a0 = $v0

  call :Tree.GetKey


  local[4] = $v0

  $v0 = local[4]
  PrintIntS( $v0)
  $v0 = local[1]
  if $v0 goto :null68

  Error( "null pointer")
null68:


  $v0 = local[1]
  $a0 = $v0

  call :Tree.GetHas_Right


  local[3] = $v0
  $v0 = local[3]
  if0 $v0 goto :if20_else
  $v0 = local[1]
  if $v0 goto :null69

  Error( "null pointer")
null69:


  $v0 = local[1]
  $a0 = $v0

  call :Tree.GetRight


  local[2] = $v0


  $v0 = local[0]
  $a0 = $v0
  $v0 = local[2]
  $a1 = $v0

  call :Tree.RecPrint


  $t0 = $v0
goto :if20_end
if20_else:

  $t0 = 1
if20_end:
  $v0 = 1

  ret
func Tree.accept [in 3 , out 3 , local 3]


  local[1] = $a0
  local[0] = $a1

  PrintIntS( 333)
  $v0 = local[0]
  if $v0 goto :null70

  Error( "null pointer")
null70:

  $v0 = local[0]
  $v0 = [$v0+0]
  local[2] = $v0

  $v0 = local[2]
  $v0 = [$v0+0]
  local[2] = $v0


  $v0 = local[0]
  $a0 = $v0
  $v0 = local[1]
  $a1 = $v0

  $v0 = local[2]
  call $v0


  $t0 = $v0
  $v0 = 0

  ret
func Visitor.visit [in 3 , out 3 , local 8]


  local[0] = $a0
  local[1] = $a1
  $v0 = local[1]
  if $v0 goto :null71

  Error( "null pointer")
null71:


  $v0 = local[1]
  $a0 = $v0

  call :Tree.GetHas_Right


  local[7] = $v0
  $v0 = local[7]
  if0 $v0 goto :if21_else
  $v0 = local[1]
  if $v0 goto :null72

  Error( "null pointer")
null72:


  $v0 = local[1]
  $a0 = $v0

  call :Tree.GetRight


  local[6] = $v0
  $v0 = local[6]
  $v1 = local[0]
  [$v1+8] = $v0

  $v0 = local[0]
  $v0 = [$v0+8]
  local[3] = $v0
  $v0 = local[3]
  if $v0 goto :null73

  Error( "null pointer")
null73:


  $v0 = local[3]
  $a0 = $v0
  $v0 = local[0]
  $a1 = $v0

  call :Tree.accept


  $t0 = $v0
goto :if21_end
if21_else:

  $t0 = 0
if21_end:
  $v0 = local[1]
  if $v0 goto :null74

  Error( "null pointer")
null74:


  $v0 = local[1]
  $a0 = $v0

  call :Tree.GetHas_Left


  local[5] = $v0
  $v0 = local[5]
  if0 $v0 goto :if22_else
  $v0 = local[1]
  if $v0 goto :null75

  Error( "null pointer")
null75:


  $v0 = local[1]
  $a0 = $v0

  call :Tree.GetLeft


  local[4] = $v0
  $v0 = local[4]
  $v1 = local[0]
  [$v1+4] = $v0

  $v0 = local[0]
  $v0 = [$v0+4]
  local[2] = $v0
  $v0 = local[2]
  if $v0 goto :null76

  Error( "null pointer")
null76:


  $v0 = local[2]
  $a0 = $v0
  $v0 = local[0]
  $a1 = $v0

  call :Tree.accept


  $t0 = $v0
goto :if22_end
if22_else:

  $t0 = 0
if22_end:
  $v0 = 0

  ret
func MyVisitor.visit [in 3 , out 3 , local 9]


  local[0] = $a0
  local[1] = $a1
  $v0 = local[1]
  if $v0 goto :null77

  Error( "null pointer")
null77:


  $v0 = local[1]
  $a0 = $v0

  call :Tree.GetHas_Right


  local[8] = $v0
  $v0 = local[8]
  if0 $v0 goto :if23_else
  $v0 = local[1]
  if $v0 goto :null78

  Error( "null pointer")
null78:


  $v0 = local[1]
  $a0 = $v0

  call :Tree.GetRight


  local[7] = $v0
  $v0 = local[7]
  $v1 = local[0]
  [$v1+8] = $v0

  $v0 = local[0]
  $v0 = [$v0+8]
  local[2] = $v0
  $v0 = local[2]
  if $v0 goto :null79

  Error( "null pointer")
null79:


  $v0 = local[2]
  $a0 = $v0
  $v0 = local[0]
  $a1 = $v0

  call :Tree.accept


  $t0 = $v0
goto :if23_end
if23_else:

  $t0 = 0
if23_end:
  $v0 = local[1]
  if $v0 goto :null80

  Error( "null pointer")
null80:


  $v0 = local[1]
  $a0 = $v0

  call :Tree.GetKey


  local[6] = $v0

  $v0 = local[6]
  PrintIntS( $v0)
  $v0 = local[1]
  if $v0 goto :null81

  Error( "null pointer")
null81:


  $v0 = local[1]
  $a0 = $v0

  call :Tree.GetHas_Left


  local[5] = $v0
  $v0 = local[5]
  if0 $v0 goto :if24_else
  $v0 = local[1]
  if $v0 goto :null82

  Error( "null pointer")
null82:


  $v0 = local[1]
  $a0 = $v0

  call :Tree.GetLeft


  local[4] = $v0
  $v0 = local[4]
  $v1 = local[0]
  [$v1+4] = $v0

  $v0 = local[0]
  $v0 = [$v0+4]
  local[3] = $v0
  $v0 = local[3]
  if $v0 goto :null83

  Error( "null pointer")
null83:


  $v0 = local[3]
  $a0 = $v0
  $v0 = local[0]
  $a1 = $v0

  call :Tree.accept


  $t0 = $v0
goto :if24_end
if24_else:

  $t0 = 0
if24_end:
  $v0 = 0

  ret
